Archive member included to satisfy reference by file (symbol)

/opt/stm32cubeide/plugins/com.st.stm32cube.ide.mcu.externaltools.gnu-tools-for-stm32.7-2018-q2-update.linux64_1.0.0.201904181610/tools/bin/../lib/gcc/arm-none-eabi/7.3.1/../../../../arm-none-eabi/lib/thumb/v7-m/libc_nano.a(lib_a-errno.o)
                              Core/Src/syscalls.o (__errno)
/opt/stm32cubeide/plugins/com.st.stm32cube.ide.mcu.externaltools.gnu-tools-for-stm32.7-2018-q2-update.linux64_1.0.0.201904181610/tools/bin/../lib/gcc/arm-none-eabi/7.3.1/../../../../arm-none-eabi/lib/thumb/v7-m/libc_nano.a(lib_a-exit.o)
                              /opt/stm32cubeide/plugins/com.st.stm32cube.ide.mcu.externaltools.gnu-tools-for-stm32.7-2018-q2-update.linux64_1.0.0.201904181610/tools/bin/../lib/gcc/arm-none-eabi/7.3.1/../../../../arm-none-eabi/lib/thumb/v7-m/crt0.o (exit)
/opt/stm32cubeide/plugins/com.st.stm32cube.ide.mcu.externaltools.gnu-tools-for-stm32.7-2018-q2-update.linux64_1.0.0.201904181610/tools/bin/../lib/gcc/arm-none-eabi/7.3.1/../../../../arm-none-eabi/lib/thumb/v7-m/libc_nano.a(lib_a-impure.o)
                              /opt/stm32cubeide/plugins/com.st.stm32cube.ide.mcu.externaltools.gnu-tools-for-stm32.7-2018-q2-update.linux64_1.0.0.201904181610/tools/bin/../lib/gcc/arm-none-eabi/7.3.1/../../../../arm-none-eabi/lib/thumb/v7-m/libc_nano.a(lib_a-exit.o) (_global_impure_ptr)
/opt/stm32cubeide/plugins/com.st.stm32cube.ide.mcu.externaltools.gnu-tools-for-stm32.7-2018-q2-update.linux64_1.0.0.201904181610/tools/bin/../lib/gcc/arm-none-eabi/7.3.1/../../../../arm-none-eabi/lib/thumb/v7-m/libc_nano.a(lib_a-init.o)
                              /opt/stm32cubeide/plugins/com.st.stm32cube.ide.mcu.externaltools.gnu-tools-for-stm32.7-2018-q2-update.linux64_1.0.0.201904181610/tools/bin/../lib/gcc/arm-none-eabi/7.3.1/../../../../arm-none-eabi/lib/thumb/v7-m/crt0.o (__libc_init_array)
/opt/stm32cubeide/plugins/com.st.stm32cube.ide.mcu.externaltools.gnu-tools-for-stm32.7-2018-q2-update.linux64_1.0.0.201904181610/tools/bin/../lib/gcc/arm-none-eabi/7.3.1/../../../../arm-none-eabi/lib/thumb/v7-m/libc_nano.a(lib_a-malloc.o)
                              Core/Src/MPU6050.o (malloc)
/opt/stm32cubeide/plugins/com.st.stm32cube.ide.mcu.externaltools.gnu-tools-for-stm32.7-2018-q2-update.linux64_1.0.0.201904181610/tools/bin/../lib/gcc/arm-none-eabi/7.3.1/../../../../arm-none-eabi/lib/thumb/v7-m/libc_nano.a(lib_a-memcmp.o)
                              Core/Src/MPU6050.o (memcmp)
/opt/stm32cubeide/plugins/com.st.stm32cube.ide.mcu.externaltools.gnu-tools-for-stm32.7-2018-q2-update.linux64_1.0.0.201904181610/tools/bin/../lib/gcc/arm-none-eabi/7.3.1/../../../../arm-none-eabi/lib/thumb/v7-m/libc_nano.a(lib_a-memcpy-stub.o)
                              Core/Src/stm32f1xx_it.o (memcpy)
/opt/stm32cubeide/plugins/com.st.stm32cube.ide.mcu.externaltools.gnu-tools-for-stm32.7-2018-q2-update.linux64_1.0.0.201904181610/tools/bin/../lib/gcc/arm-none-eabi/7.3.1/../../../../arm-none-eabi/lib/thumb/v7-m/libc_nano.a(lib_a-memset.o)
                              /opt/stm32cubeide/plugins/com.st.stm32cube.ide.mcu.externaltools.gnu-tools-for-stm32.7-2018-q2-update.linux64_1.0.0.201904181610/tools/bin/../lib/gcc/arm-none-eabi/7.3.1/../../../../arm-none-eabi/lib/thumb/v7-m/crt0.o (memset)
/opt/stm32cubeide/plugins/com.st.stm32cube.ide.mcu.externaltools.gnu-tools-for-stm32.7-2018-q2-update.linux64_1.0.0.201904181610/tools/bin/../lib/gcc/arm-none-eabi/7.3.1/../../../../arm-none-eabi/lib/thumb/v7-m/libc_nano.a(lib_a-nano-freer.o)
                              /opt/stm32cubeide/plugins/com.st.stm32cube.ide.mcu.externaltools.gnu-tools-for-stm32.7-2018-q2-update.linux64_1.0.0.201904181610/tools/bin/../lib/gcc/arm-none-eabi/7.3.1/../../../../arm-none-eabi/lib/thumb/v7-m/libc_nano.a(lib_a-malloc.o) (_free_r)
/opt/stm32cubeide/plugins/com.st.stm32cube.ide.mcu.externaltools.gnu-tools-for-stm32.7-2018-q2-update.linux64_1.0.0.201904181610/tools/bin/../lib/gcc/arm-none-eabi/7.3.1/../../../../arm-none-eabi/lib/thumb/v7-m/libc_nano.a(lib_a-nano-mallocr.o)
                              /opt/stm32cubeide/plugins/com.st.stm32cube.ide.mcu.externaltools.gnu-tools-for-stm32.7-2018-q2-update.linux64_1.0.0.201904181610/tools/bin/../lib/gcc/arm-none-eabi/7.3.1/../../../../arm-none-eabi/lib/thumb/v7-m/libc_nano.a(lib_a-malloc.o) (_malloc_r)
/opt/stm32cubeide/plugins/com.st.stm32cube.ide.mcu.externaltools.gnu-tools-for-stm32.7-2018-q2-update.linux64_1.0.0.201904181610/tools/bin/../lib/gcc/arm-none-eabi/7.3.1/../../../../arm-none-eabi/lib/thumb/v7-m/libc_nano.a(lib_a-nano-vfprintf_float.o)
                              (_printf_float)
/opt/stm32cubeide/plugins/com.st.stm32cube.ide.mcu.externaltools.gnu-tools-for-stm32.7-2018-q2-update.linux64_1.0.0.201904181610/tools/bin/../lib/gcc/arm-none-eabi/7.3.1/../../../../arm-none-eabi/lib/thumb/v7-m/libc_nano.a(lib_a-nano-vfprintf_i.o)
[...]
Memory Configuration

Name             Origin             Length             Attributes
RAM              0x0000000020000000 0x0000000000005000 xrw
FLASH            0x0000000008000000 0x0000000000010000 xr
*default*        0x0000000000000000 0xffffffffffffffff

Linker script and memory map

LOAD /opt/stm32cubeide/plugins/com.st.stm32cube.ide.mcu.externaltools.gnu-tools-for-stm32.7-2018-q2-update.linux64_1.0.0.201904181610/tools/bin/../lib/gcc/arm-none-eabi/7.3.1/thumb/v7-m/crti.o
LOAD /opt/stm32cubeide/plugins/com.st.stm32cube.ide.mcu.externaltools.gnu-tools-for-stm32.7-2018-q2-update.linux64_1.0.0.201904181610/tools/bin/../lib/gcc/arm-none-eabi/7.3.1/thumb/v7-m/crtbegin.o
LOAD /opt/stm32cubeide/plugins/com.st.stm32cube.ide.mcu.externaltools.gnu-tools-for-stm32.7-2018-q2-update.linux64_1.0.0.201904181610/tools/bin/../lib/gcc/arm-none-eabi/7.3.1/../../../../arm-none-eabi/lib/thumb/v7-m/crt0.o
LOAD Core/Src/MPU6050.o
LOAD Core/Src/SPI-test.o
LOAD Core/Src/main.o
LOAD Core/Src/nrf24.o
LOAD Core/Src/stm32f1xx_hal_msp.o
LOAD Core/Src/stm32f1xx_it.o
LOAD Core/Src/syscalls.o
LOAD Core/Src/sysmem.o
LOAD Core/Src/system_stm32f1xx.o
LOAD Core/Startup/startup_stm32f103c8tx.o
LOAD Drivers/STM32F1xx_HAL_Driver/Src/stm32f1xx_hal.o
LOAD Drivers/STM32F1xx_HAL_Driver/Src/stm32f1xx_hal_adc.o
LOAD Drivers/STM32F1xx_HAL_Driver/Src/stm32f1xx_hal_adc_ex.o
LOAD Drivers/STM32F1xx_HAL_Driver/Src/stm32f1xx_hal_cortex.o
LOAD Drivers/STM32F1xx_HAL_Driver/Src/stm32f1xx_hal_dma.o
LOAD Drivers/STM32F1xx_HAL_Driver/Src/stm32f1xx_hal_exti.o
LOAD Drivers/STM32F1xx_HAL_Driver/Src/stm32f1xx_hal_flash.o
LOAD Drivers/STM32F1xx_HAL_Driver/Src/stm32f1xx_hal_flash_ex.o
LOAD Drivers/STM32F1xx_HAL_Driver/Src/stm32f1xx_hal_gpio.o
LOAD Drivers/STM32F1xx_HAL_Driver/Src/stm32f1xx_hal_gpio_ex.o
LOAD Drivers/STM32F1xx_HAL_Driver/Src/stm32f1xx_hal_i2c.o
LOAD Drivers/STM32F1xx_HAL_Driver/Src/stm32f1xx_hal_pwr.o
LOAD Drivers/STM32F1xx_HAL_Driver/Src/stm32f1xx_hal_rcc.o
LOAD Drivers/STM32F1xx_HAL_Driver/Src/stm32f1xx_hal_rcc_ex.o
LOAD Drivers/STM32F1xx_HAL_Driver/Src/stm32f1xx_hal_spi.o
LOAD Drivers/STM32F1xx_HAL_Driver/Src/stm32f1xx_hal_tim.o
LOAD Drivers/STM32F1xx_HAL_Driver/Src/stm32f1xx_hal_tim_ex.o
LOAD Drivers/STM32F1xx_HAL_Driver/Src/stm32f1xx_hal_uart.o
START GROUP
LOAD /opt/stm32cubeide/plugins/com.st.stm32cube.ide.mcu.externaltools.gnu-tools-for-stm32.7-2018-q2-update.linux64_1.0.0.201904181610/tools/bin/../lib/gcc/arm-none-eabi/7.3.1/../../../../arm-none-eabi/lib/thumb/v7-m/libc_nano.a
LOAD /opt/stm32cubeide/plugins/com.st.stm32cube.ide.mcu.externaltools.gnu-tools-for-stm32.7-2018-q2-update.linux64_1.0.0.201904181610/tools/bin/../lib/gcc/arm-none-eabi/7.3.1/../../../../arm-none-eabi/lib/thumb/v7-m/libm.a
END GROUP
START GROUP
LOAD /opt/stm32cubeide/plugins/com.st.stm32cube.ide.mcu.externaltools.gnu-tools-for-stm32.7-2018-q2-update.linux64_1.0.0.201904181610/tools/bin/../lib/gcc/arm-none-eabi/7.3.1/thumb/v7-m/libgcc.a
LOAD /opt/stm32cubeide/plugins/com.st.stm32cube.ide.mcu.externaltools.gnu-tools-for-stm32.7-2018-q2-update.linux64_1.0.0.201904181610/tools/bin/../lib/gcc/arm-none-eabi/7.3.1/../../../../arm-none-eabi/lib/thumb/v7-m/libc_nano.a
END GROUP
START GROUP
LOAD /opt/stm32cubeide/plugins/com.st.stm32cube.ide.mcu.externaltools.gnu-tools-for-stm32.7-2018-q2-update.linux64_1.0.0.201904181610/tools/bin/../lib/gcc/arm-none-eabi/7.3.1/thumb/v7-m/libgcc.a
LOAD /opt/stm32cubeide/plugins/com.st.stm32cube.ide.mcu.externaltools.gnu-tools-for-stm32.7-2018-q2-update.linux64_1.0.0.201904181610/tools/bin/../lib/gcc/arm-none-eabi/7.3.1/../../../../arm-none-eabi/lib/thumb/v7-m/libc_nano.a
LOAD /opt/stm32cubeide/plugins/com.st.stm32cube.ide.mcu.externaltools.gnu-tools-for-stm32.7-2018-q2-update.linux64_1.0.0.201904181610/tools/bin/../lib/gcc/arm-none-eabi/7.3.1/../../../../arm-none-eabi/lib/thumb/v7-m/libnosys.a
END GROUP
START GROUP
LOAD /opt/stm32cubeide/plugins/com.st.stm32cube.ide.mcu.externaltools.gnu-tools-for-stm32.7-2018-q2-update.linux64_1.0.0.201904181610/tools/bin/../lib/gcc/arm-none-eabi/7.3.1/thumb/v7-m/libgcc.a
LOAD /opt/stm32cubeide/plugins/com.st.stm32cube.ide.mcu.externaltools.gnu-tools-for-stm32.7-2018-q2-update.linux64_1.0.0.201904181610/tools/bin/../lib/gcc/arm-none-eabi/7.3.1/../../../../arm-none-eabi/lib/thumb/v7-m/libc_nano.a
LOAD /opt/stm32cubeide/plugins/com.st.stm32cube.ide.mcu.externaltools.gnu-tools-for-stm32.7-2018-q2-update.linux64_1.0.0.201904181610/tools/bin/../lib/gcc/arm-none-eabi/7.3.1/../../../../arm-none-eabi/lib/thumb/v7-m/libnosys.a
END GROUP
LOAD /opt/stm32cubeide/plugins/com.st.stm32cube.ide.mcu.externaltools.gnu-tools-for-stm32.7-2018-q2-update.linux64_1.0.0.201904181610/tools/bin/../lib/gcc/arm-none-eabi/7.3.1/thumb/v7-m/crtend.o
LOAD /opt/stm32cubeide/plugins/com.st.stm32cube.ide.mcu.externaltools.gnu-tools-for-stm32.7-2018-q2-update.linux64_1.0.0.201904181610/tools/bin/../lib/gcc/arm-none-eabi/7.3.1/thumb/v7-m/crtn.o
                0x0000000020005000                _estack = (ORIGIN (RAM) + LENGTH (RAM))
                0x0000000000000200                _Min_Heap_Size = 0x200
                0x0000000000000400                _Min_Stack_Size = 0x400

.isr_vector     0x0000000008000000      0x10c
                0x0000000008000000                . = ALIGN (0x4)
 *(.isr_vector)
 .isr_vector    0x0000000008000000      0x10c Core/Startup/startup_stm32f103c8tx.o
                0x0000000008000000                g_pfnVectors
                0x000000000800010c                . = ALIGN (0x4)

.text           0x0000000008000110     0xd968
                0x0000000008000110                . = ALIGN (0x4)
 *(.text)
 .text          0x0000000008000110       0x40 /opt/stm32cubeide/plugins/com.st.stm32cube.ide.mcu.externaltools.gnu-tools-for-stm32.7-2018-q2-update.linux64_1.0.0.201904181610/tools/bin/../lib/gcc/arm-none-eabi/7.3.1/thumb/v7-m/crtbegin.o
 .text          0x0000000008000150       0x10 /opt/stm32cubeide/plugins/com.st.stm32cube.ide.mcu.externaltools.gnu-tools-for-stm32.7-2018-q2-update.linux64_1.0.0.201904181610/tools/bin/../lib/gcc/arm-none-eabi/7.3.1/../../../../arm-none-eabi/lib/thumb/v7-m/libc_nano.a(lib_a-strlen.o)
                0x0000000008000150                strlen
 .text          0x0000000008000160      0x378 /opt/stm32cubeide/plugins/com.st.stm32cube.ide.mcu.externaltools.gnu-tools-for-stm32.7-2018-q2-update.linux64_1.0.0.201904181610/tools/bin/../lib/gcc/arm-none-eabi/7.3.1/thumb/v7-m/libgcc.a(_arm_addsubdf3.o)
                0x0000000008000160                __aeabi_drsub
                0x0000000008000168                __aeabi_dsub
                0x0000000008000168                __subdf3
                0x000000000800016c                __adddf3
                0x000000000800016c                __aeabi_dadd
                0x00000000080003e4                __aeabi_ui2d
                0x00000000080003e4                __floatunsidf
                0x0000000008000404                __floatsidf
                0x0000000008000404                __aeabi_i2d
                0x0000000008000428                __extendsfdf2
                0x0000000008000428                __aeabi_f2d
                0x000000000800046c                __aeabi_ul2d
                0x000000000800046c                __floatundidf
                0x000000000800047c                __floatdidf
                0x000000000800047c                __aeabi_l2d
 .text          0x00000000080004d8      0x424 /opt/stm32cubeide/plugins/com.st.stm32cube.ide.mcu.externaltools.gnu-tools-for-stm32.7-2018-q2-update.linux64_1.0.0.201904181610/tools/bin/../lib/gcc/arm-none-eabi/7.3.1/thumb/v7-m/libgcc.a(_arm_muldivdf3.o)
                0x00000000080004d8                __aeabi_dmul
                0x00000000080004d8                __muldf3
                0x000000000800072c                __aeabi_ddiv
                0x000000000800072c                __divdf3
 .text          0x00000000080008fc      0x110 /opt/stm32cubeide/plugins/com.st.stm32cube.ide.mcu.externaltools.gnu-tools-for-stm32.7-2018-q2-update.linux64_1.0.0.201904181610/tools/bin/../lib/gcc/arm-none-eabi/7.3.1/thumb/v7-m/libgcc.a(_arm_cmpdf2.o)
                0x00000000080008fc                __gtdf2
                0x00000000080008fc                __gedf2
                0x0000000008000904                __ltdf2
                0x0000000008000904                __ledf2
                0x000000000800090c                __cmpdf2
                0x000000000800090c                __eqdf2
                0x000000000800090c                __nedf2
                0x0000000008000988                __aeabi_cdrcmple
                0x0000000008000998                __aeabi_cdcmple
                0x0000000008000998                __aeabi_cdcmpeq
                0x00000000080009a8                __aeabi_dcmpeq
                0x00000000080009bc                __aeabi_dcmplt
                0x00000000080009d0                __aeabi_dcmple
                0x00000000080009e4                __aeabi_dcmpge
                0x00000000080009f8                __aeabi_dcmpgt
 .text          0x0000000008000a0c       0x2c /opt/stm32cubeide/plugins/com.st.stm32cube.ide.mcu.externaltools.gnu-tools-for-stm32.7-2018-q2-update.linux64_1.0.0.201904181610/tools/bin/../lib/gcc/arm-none-eabi/7.3.1/thumb/v7-m/libgcc.a(_arm_unorddf2.o)
                0x0000000008000a0c                __aeabi_dcmpun
                0x0000000008000a0c                __unorddf2
 .text          0x0000000008000a38       0x50 /opt/stm32cubeide/plugins/com.st.stm32cube.ide.mcu.externaltools.gnu-tools-for-stm32.7-2018-q2-update.linux64_1.0.0.201904181610/tools/bin/../lib/gcc/arm-none-eabi/7.3.1/thumb/v7-m/libgcc.a(_arm_fixdfsi.o)
                0x0000000008000a38                __fixdfsi
                0x0000000008000a38                __aeabi_d2iz
 .text          0x0000000008000a88       0x40 /opt/stm32cubeide/plugins/com.st.stm32cube.ide.mcu.externaltools.gnu-tools-for-stm32.7-2018-q2-update.linux64_1.0.0.201904181610/tools/bin/../lib/gcc/arm-none-eabi/7.3.1/thumb/v7-m/libgcc.a(_arm_fixunsdfsi.o)
                0x0000000008000a88                __fixunsdfsi
                0x0000000008000a88                __aeabi_d2uiz
 .text          0x0000000008000ac8       0xa0 /opt/stm32cubeide/plugins/com.st.stm32cube.ide.mcu.externaltools.gnu-tools-for-stm32.7-2018-q2-update.linux64_1.0.0.201904181610/tools/bin/../lib/gcc/arm-none-eabi/7.3.1/thumb/v7-m/libgcc.a(_arm_truncdfsf2.o)
                0x0000000008000ac8                __aeabi_d2f
                0x0000000008000ac8                __truncdfsf2
 .text          0x0000000008000b68      0x21c /opt/stm32cubeide/plugins/com.st.stm32cube.ide.mcu.externaltools.gnu-tools-for-stm32.7-2018-q2-update.linux64_1.0.0.201904181610/tools/bin/../lib/gcc/arm-none-eabi/7.3.1/thumb/v7-m/libgcc.a(_arm_addsubsf3.o)
                0x0000000008000b68                __aeabi_frsub
                0x0000000008000b70                __subsf3
                0x0000000008000b70                __aeabi_fsub
                0x0000000008000b74                __aeabi_fadd
                0x0000000008000b74                __addsf3
                0x0000000008000cd4                __aeabi_ui2f
                0x0000000008000cd4                __floatunsisf
                0x0000000008000cdc                __aeabi_i2f
                0x0000000008000cdc                __floatsisf
                0x0000000008000cf8                __floatundisf
                0x0000000008000cf8                __aeabi_ul2f
                0x0000000008000d08                __floatdisf
                0x0000000008000d08                __aeabi_l2f
 .text          0x0000000008000d84      0x2a0 /opt/stm32cubeide/plugins/com.st.stm32cube.ide.mcu.externaltools.gnu-tools-for-stm32.7-2018-q2-update.linux64_1.0.0.201904181610/tools/bin/../lib/gcc/arm-none-eabi/7.3.1/thumb/v7-m/libgcc.a(_arm_muldivsf3.o)
                0x0000000008000d84                __mulsf3
                0x0000000008000d84                __aeabi_fmul
                0x0000000008000eec                __divsf3
                0x0000000008000eec                __aeabi_fdiv
 .text          0x0000000008001024       0xec /opt/stm32cubeide/plugins/com.st.stm32cube.ide.mcu.externaltools.gnu-tools-for-stm32.7-2018-q2-update.linux64_1.0.0.201904181610/tools/bin/../lib/gcc/arm-none-eabi/7.3.1/thumb/v7-m/libgcc.a(_arm_cmpsf2.o)
                0x0000000008001024                __gtsf2
                0x0000000008001024                __gesf2
                0x000000000800102c                __lesf2
                0x000000000800102c                __ltsf2
                0x0000000008001034                __nesf2
                0x0000000008001034                __eqsf2
                0x0000000008001034                __cmpsf2
                0x0000000008001094                __aeabi_cfrcmple
                0x000000000800109c                __aeabi_cfcmple
                0x000000000800109c                __aeabi_cfcmpeq
                0x00000000080010ac                __aeabi_fcmpeq
                0x00000000080010c0                __aeabi_fcmplt
                0x00000000080010d4                __aeabi_fcmple
                0x00000000080010e8                __aeabi_fcmpge
                0x00000000080010fc                __aeabi_fcmpgt
 .text          0x0000000008001110       0x40 /opt/stm32cubeide/plugins/com.st.stm32cube.ide.mcu.externaltools.gnu-tools-for-stm32.7-2018-q2-update.linux64_1.0.0.201904181610/tools/bin/../lib/gcc/arm-none-eabi/7.3.1/thumb/v7-m/libgcc.a(_arm_fixunssfsi.o)
                0x0000000008001110                __aeabi_f2uiz
                0x0000000008001110                __fixunssfsi
 *(.text*)
 .text.MPU6050_Write_Single_Bit
                0x0000000008001150       0xa0 Core/Src/MPU6050.o
                0x0000000008001150                MPU6050_Write_Single_Bit
 .text.MPU6050_Write_Few_Bits
                0x00000000080011f0       0xb0 Core/Src/MPU6050.o
                0x00000000080011f0                MPU6050_Write_Few_Bits
 .text.MPU6050_Read_Single_Bit
                0x00000000080012a0       0x68 Core/Src/MPU6050.o
                0x00000000080012a0                MPU6050_Read_Single_Bit
 .text.MPU6050_check
                0x0000000008001308       0x38 Core/Src/MPU6050.o
                0x0000000008001308                MPU6050_check
 .text.MPU6050_init
                0x0000000008001340       0x38 Core/Src/MPU6050.o
                0x0000000008001340                MPU6050_init
 .text.MPU6050_DMP_Enable
                0x0000000008001378       0x28 Core/Src/MPU6050.o
                0x0000000008001378                MPU6050_DMP_Enable
 .text.MPU6050_DMP_Reset
                0x00000000080013a0       0x24 Core/Src/MPU6050.o
                0x00000000080013a0                MPU6050_DMP_Reset
 .text.MPU6050_Set_Memory_Bank
                0x00000000080013c4       0x68 Core/Src/MPU6050.o
                0x00000000080013c4                MPU6050_Set_Memory_Bank
 .text.MPU6050_Set_Memory_Start_Address
                0x000000000800142c       0x34 Core/Src/MPU6050.o
                0x000000000800142c                MPU6050_Set_Memory_Start_Address
 .text.MPU6050_Read_Memory_Bank
                0x0000000008001460       0x34 Core/Src/MPU6050.o
                0x0000000008001460                MPU6050_Read_Memory_Bank
 .text.MPU6050_getOTPBankValid
                0x0000000008001494       0x26 Core/Src/MPU6050.o
                0x0000000008001494                MPU6050_getOTPBankValid
 .text.MPU6050_Set_SlaveAddress
                0x00000000080014ba       0x4c Core/Src/MPU6050.o
                0x00000000080014ba                MPU6050_Set_SlaveAddress
 .text.MPU6050_Set_MasterModeEnable
                0x0000000008001506       0x28 Core/Src/MPU6050.o
                0x0000000008001506                MPU6050_Set_MasterModeEnable
 .text.MPU6050_Reset_I2CMaster
                0x000000000800152e       0x24 Core/Src/MPU6050.o
                0x000000000800152e                MPU6050_Reset_I2CMaster
 .text.MPU6050_Set_CLK_Source
                0x0000000008001552       0x2c Core/Src/MPU6050.o
                0x0000000008001552                MPU6050_Set_CLK_Source
 .text.MPU6050_Reset
                0x000000000800157e       0x24 Core/Src/MPU6050.o
                0x000000000800157e                MPU6050_Reset
 .text.MPU6050_SetSleepEnabled
                0x00000000080015a2       0x28 Core/Src/MPU6050.o
                0x00000000080015a2                MPU6050_SetSleepEnabled
 .text.MPU6050_SetIntEnabled
                0x00000000080015ca       0x34 Core/Src/MPU6050.o
                0x00000000080015ca                MPU6050_SetIntEnabled
 .text.MPU6050_SetRate
                0x00000000080015fe       0x34 Core/Src/MPU6050.o
                0x00000000080015fe                MPU6050_SetRate
 .text.MPU6050_SetGyroRange
                0x0000000008001632       0x2c Core/Src/MPU6050.o
                0x0000000008001632                MPU6050_SetGyroRange
 .text.MPU6050_SetAccelRange
                0x000000000800165e       0x2c Core/Src/MPU6050.o
                0x000000000800165e                MPU6050_SetAccelRange
 .text.SetExternalFrameSync
                0x000000000800168a       0x2c Core/Src/MPU6050.o
                0x000000000800168a                SetExternalFrameSync
 .text.SetDLPFMode
                0x00000000080016b6       0x2c Core/Src/MPU6050.o
                0x00000000080016b6                SetDLPFMode
 .text.MPU6050_DMPConfig1
                0x00000000080016e2       0x34 Core/Src/MPU6050.o
                0x00000000080016e2                MPU6050_DMPConfig1
 .text.MPU6050_DMPConfig2
                0x0000000008001716       0x34 Core/Src/MPU6050.o
                0x0000000008001716                MPU6050_DMPConfig2
 .text.MPU6050_SetOTPBankValid
                0x000000000800174a       0x28 Core/Src/MPU6050.o
                0x000000000800174a                MPU6050_SetOTPBankValid
 .text.MPU6050_SetMotionDetectionThreshold
                0x0000000008001772       0x34 Core/Src/MPU6050.o
                0x0000000008001772                MPU6050_SetMotionDetectionThreshold
 .text.MPU6050_SetZeroMotionDetectionThreshold
                0x00000000080017a6       0x34 Core/Src/MPU6050.o
                0x00000000080017a6                MPU6050_SetZeroMotionDetectionThreshold
 .text.MPU6050_SetMotionDetectionDuration
                0x00000000080017da       0x34 Core/Src/MPU6050.o
                0x00000000080017da                MPU6050_SetMotionDetectionDuration
 .text.MPU6050_SetZeroMotionDetectionDuration
                0x000000000800180e       0x34 Core/Src/MPU6050.o
                0x000000000800180e                MPU6050_SetZeroMotionDetectionDuration
 .text.MPU6050_SetFIFOenabled
                0x0000000008001842       0x28 Core/Src/MPU6050.o
                0x0000000008001842                MPU6050_SetFIFOenabled
 .text.MPU6050_ResetFIFO
                0x000000000800186a       0x24 Core/Src/MPU6050.o
                0x000000000800186a                MPU6050_ResetFIFO
 .text.MPU6050_GetFifoCount
                0x000000000800188e       0x42 Core/Src/MPU6050.o
                0x000000000800188e                MPU6050_GetFifoCount
 .text.MPU6050_GetFifoBytes
                0x00000000080018d0       0x48 Core/Src/MPU6050.o
                0x00000000080018d0                MPU6050_GetFifoBytes
 .text.MPU6050_GetIntStatus
                0x0000000008001918       0x34 Core/Src/MPU6050.o
                0x0000000008001918                MPU6050_GetIntStatus
 .text.MPU6050_GetCurrentFIFOPacket
                0x000000000800194c      0x110 Core/Src/MPU6050.o
                0x000000000800194c                MPU6050_GetCurrentFIFOPacket
 .text.MPU6050_WriteMemoryBlock
                0x0000000008001a5c      0x1e6 Core/Src/MPU6050.o
                0x0000000008001a5c                MPU6050_WriteMemoryBlock
 *fill*         0x0000000008001c42        0x2 
 .text.MPU6050_DMP_Init
                0x0000000008001c44      0x18c Core/Src/MPU6050.o
                0x0000000008001c44                MPU6050_DMP_Init
 .text.CalculateQuaternions
                0x0000000008001dd0      0x120 Core/Src/MPU6050.o
                0x0000000008001dd0                CalculateQuaternions
 .text.CalculateGravityVector
                0x0000000008001ef0      0x104 Core/Src/MPU6050.o
                0x0000000008001ef0                CalculateGravityVector
 *fill*         0x0000000008001ff4        0x4 
 .text.CalculateYawPitchRoll
                0x0000000008001ff8      0x2b8 Core/Src/MPU6050.o
                0x0000000008001ff8                CalculateYawPitchRoll
 .text.SPI_I2S_SendData
                0x00000000080022b0       0x1c Core/Src/SPI-test.o
                0x00000000080022b0                SPI_I2S_SendData
 .text.SPI_I2S_ReceiveData
                0x00000000080022cc       0x18 Core/Src/SPI-test.o
                0x00000000080022cc                SPI_I2S_ReceiveData
 .text.SPI_I2S_GetFlagStatus
                0x00000000080022e4       0x32 Core/Src/SPI-test.o
                0x00000000080022e4                SPI_I2S_GetFlagStatus
 *fill*         0x0000000008002316        0x2 
 .text.main     0x0000000008002318      0xaa0 Core/Src/main.o
                0x0000000008002318                main
 .text.SystemClock_Config
                0x0000000008002db8       0xb6 Core/Src/main.o
                0x0000000008002db8                SystemClock_Config
 *fill*         0x0000000008002e6e        0x2 
 .text.MX_ADC1_Init
                0x0000000008002e70       0x7c Core/Src/main.o
 .text.MX_I2C2_Init
                0x0000000008002eec       0x5c Core/Src/main.o
 .text.MX_SPI2_Init
                0x0000000008002f48       0x6c Core/Src/main.o
 .text.MX_TIM1_Init
                0x0000000008002fb4      0x18c Core/Src/main.o
 .text.MX_TIM2_Init
                0x0000000008003140       0x98 Core/Src/main.o
 .text.MX_USART1_UART_Init
                0x00000000080031d8       0x54 Core/Src/main.o
 .text.MX_GPIO_Init
                0x000000000800322c      0x170 Core/Src/main.o
 .text.WriteFlashData
                0x000000000800339c      0x314 Core/Src/main.o
                0x000000000800339c                WriteFlashData
 .text.EraseFlashData
                0x00000000080036b0       0x34 Core/Src/main.o
                0x00000000080036b0                EraseFlashData
 .text.CheckFlashData
                0x00000000080036e4       0x16 Core/Src/main.o
                0x00000000080036e4                CheckFlashData
 *fill*         0x00000000080036fa        0x2 
 .text.ReadFlashData
                0x00000000080036fc      0x1d0 Core/Src/main.o
                0x00000000080036fc                ReadFlashData
 .text.WriteString
                0x00000000080038cc       0x36 Core/Src/main.o
                0x00000000080038cc                WriteString
 *fill*         0x0000000008003902        0x2 
 .text.PrintCharUart
                0x0000000008003904       0x30 Core/Src/main.o
                0x0000000008003904                PrintCharUart
 .text.Error_Handler
                0x0000000008003934        0xc Core/Src/main.o
                0x0000000008003934                Error_Handler
 .text.nRF24_TransmitPacket
                0x0000000008003940       0xa0 Core/Src/nrf24.o
                0x0000000008003940                nRF24_TransmitPacket
 .text.nRF24_LL_RW
                0x00000000080039e0       0x4c Core/Src/nrf24.o
                0x00000000080039e0                nRF24_LL_RW
 .text.nRF24_ReadReg
                0x0000000008003a2c       0x48 Core/Src/nrf24.o
 .text.nRF24_WriteReg
                0x0000000008003a74       0x84 Core/Src/nrf24.o
 .text.nRF24_ReadMBReg
                0x0000000008003af8       0x58 Core/Src/nrf24.o
 .text.nRF24_WriteMBReg
                0x0000000008003b50       0x58 Core/Src/nrf24.o
 .text.nRF24_Init
                0x0000000008003ba8       0xa4 Core/Src/nrf24.o
                0x0000000008003ba8                nRF24_Init
 .text.nRF24_Check
                0x0000000008003c4c       0x5c Core/Src/nrf24.o
                0x0000000008003c4c                nRF24_Check
 .text.nRF24_SetPowerMode
                0x0000000008003ca8       0x3e Core/Src/nrf24.o
                0x0000000008003ca8                nRF24_SetPowerMode
 .text.nRF24_SetOperationalMode
                0x0000000008003ce6       0x42 Core/Src/nrf24.o
                0x0000000008003ce6                nRF24_SetOperationalMode
 .text.nRF24_SetCRCScheme
                0x0000000008003d28       0x42 Core/Src/nrf24.o
                0x0000000008003d28                nRF24_SetCRCScheme
 .text.nRF24_SetRFChannel
                0x0000000008003d6a       0x1c Core/Src/nrf24.o
                0x0000000008003d6a                nRF24_SetRFChannel
 .text.nRF24_SetAddrWidth
                0x0000000008003d86       0x20 Core/Src/nrf24.o
                0x0000000008003d86                nRF24_SetAddrWidth
 *fill*         0x0000000008003da6        0x2 
 .text.nRF24_SetAddr
                0x0000000008003da8       0xb4 Core/Src/nrf24.o
                0x0000000008003da8                nRF24_SetAddr
 .text.nRF24_SetTXPower
                0x0000000008003e5c       0x36 Core/Src/nrf24.o
                0x0000000008003e5c                nRF24_SetTXPower
 .text.nRF24_SetDataRate
                0x0000000008003e92       0x36 Core/Src/nrf24.o
                0x0000000008003e92                nRF24_SetDataRate
 .text.nRF24_SetRXPipe
                0x0000000008003ec8       0xa8 Core/Src/nrf24.o
                0x0000000008003ec8                nRF24_SetRXPipe
 .text.nRF24_DisableAA
                0x0000000008003f70       0x4e Core/Src/nrf24.o
                0x0000000008003f70                nRF24_DisableAA
 .text.nRF24_GetStatus
                0x0000000008003fbe       0x10 Core/Src/nrf24.o
                0x0000000008003fbe                nRF24_GetStatus
 .text.nRF24_GetStatus_RXFIFO
                0x0000000008003fce       0x16 Core/Src/nrf24.o
                0x0000000008003fce                nRF24_GetStatus_RXFIFO
 .text.nRF24_FlushTX
                0x0000000008003fe4       0x10 Core/Src/nrf24.o
                0x0000000008003fe4                nRF24_FlushTX
 .text.nRF24_FlushRX
                0x0000000008003ff4       0x10 Core/Src/nrf24.o
                0x0000000008003ff4                nRF24_FlushRX
 .text.nRF24_ClearIRQFlags
                0x0000000008004004       0x2a Core/Src/nrf24.o
                0x0000000008004004                nRF24_ClearIRQFlags
 .text.nRF24_WritePayload
                0x000000000800402e       0x20 Core/Src/nrf24.o
                0x000000000800402e                nRF24_WritePayload
 *fill*         0x000000000800404e        0x2 
 .text.nRF24_ReadPayload
                0x0000000008004050       0x64 Core/Src/nrf24.o
                0x0000000008004050                nRF24_ReadPayload
 .text.HAL_MspInit
                0x00000000080040b4       0x64 Core/Src/stm32f1xx_hal_msp.o
                0x00000000080040b4                HAL_MspInit
 .text.HAL_ADC_MspInit
                0x0000000008004118       0x78 Core/Src/stm32f1xx_hal_msp.o
                0x0000000008004118                HAL_ADC_MspInit
 .text.HAL_I2C_MspInit
                0x0000000008004190       0x80 Core/Src/stm32f1xx_hal_msp.o
                0x0000000008004190                HAL_I2C_MspInit
 .text.HAL_SPI_MspInit
                0x0000000008004210       0x98 Core/Src/stm32f1xx_hal_msp.o
                0x0000000008004210                HAL_SPI_MspInit
 .text.HAL_TIM_Base_MspInit
                0x00000000080042a8       0x70 Core/Src/stm32f1xx_hal_msp.o
                0x00000000080042a8                HAL_TIM_Base_MspInit
 .text.HAL_TIM_MspPostInit
                0x0000000008004318       0x68 Core/Src/stm32f1xx_hal_msp.o
                0x0000000008004318                HAL_TIM_MspPostInit
 .text.HAL_UART_MspInit
                0x0000000008004380       0xb4 Core/Src/stm32f1xx_hal_msp.o
                0x0000000008004380                HAL_UART_MspInit
 .text.NMI_Handler
                0x0000000008004434        0xc Core/Src/stm32f1xx_it.o
                0x0000000008004434                NMI_Handler
 .text.HardFault_Handler
                0x0000000008004440        0x6 Core/Src/stm32f1xx_it.o
                0x0000000008004440                HardFault_Handler
 .text.MemManage_Handler
                0x0000000008004446        0x6 Core/Src/stm32f1xx_it.o
                0x0000000008004446                MemManage_Handler
 .text.BusFault_Handler
                0x000000000800444c        0x6 Core/Src/stm32f1xx_it.o
                0x000000000800444c                BusFault_Handler
 .text.UsageFault_Handler
                0x0000000008004452        0x6 Core/Src/stm32f1xx_it.o
                0x0000000008004452                UsageFault_Handler
 .text.SVC_Handler
                0x0000000008004458        0xc Core/Src/stm32f1xx_it.o
                0x0000000008004458                SVC_Handler
 .text.DebugMon_Handler
                0x0000000008004464        0xc Core/Src/stm32f1xx_it.o
                0x0000000008004464                DebugMon_Handler
 .text.PendSV_Handler
                0x0000000008004470        0xc Core/Src/stm32f1xx_it.o
                0x0000000008004470                PendSV_Handler
 .text.SysTick_Handler
                0x000000000800447c        0xc Core/Src/stm32f1xx_it.o
                0x000000000800447c                SysTick_Handler
 .text.EXTI0_IRQHandler
                0x0000000008004488       0x90 Core/Src/stm32f1xx_it.o
                0x0000000008004488                EXTI0_IRQHandler
 .text.TIM2_IRQHandler
                0x0000000008004518     0x17f4 Core/Src/stm32f1xx_it.o
                0x0000000008004518                TIM2_IRQHandler
 .text.ScaleDataFl
                0x0000000008005d0c       0x6c Core/Src/stm32f1xx_it.o
                0x0000000008005d0c                ScaleDataFl
 .text.pid      0x0000000008005d78       0xf4 Core/Src/stm32f1xx_it.o
                0x0000000008005d78                pid
 .text._sbrk    0x0000000008005e6c       0x58 Core/Src/sysmem.o
                0x0000000008005e6c                _sbrk
 .text.SystemInit
                0x0000000008005ec4       0x68 Core/Src/system_stm32f1xx.o
                0x0000000008005ec4                SystemInit
 .text.Reset_Handler
                0x0000000008005f2c       0x48 Core/Startup/startup_stm32f103c8tx.o
                0x0000000008005f2c                Reset_Handler
 .text.Default_Handler
                0x0000000008005f74        0x2 Core/Startup/startup_stm32f103c8tx.o
                0x0000000008005f74                RTC_Alarm_IRQHandler
                0x0000000008005f74                EXTI2_IRQHandler
                0x0000000008005f74                TIM1_CC_IRQHandler
                0x0000000008005f74                PVD_IRQHandler
                0x0000000008005f74                EXTI3_IRQHandler
                0x0000000008005f74                I2C2_EV_IRQHandler
                0x0000000008005f74                ADC1_2_IRQHandler
                0x0000000008005f74                SPI1_IRQHandler
                0x0000000008005f74                TAMPER_IRQHandler
                0x0000000008005f74                DMA1_Channel4_IRQHandler
                0x0000000008005f74                USART3_IRQHandler
                0x0000000008005f74                RTC_IRQHandler
                0x0000000008005f74                DMA1_Channel7_IRQHandler
                0x0000000008005f74                CAN1_RX1_IRQHandler
                0x0000000008005f74                TIM4_IRQHandler
                0x0000000008005f74                I2C1_EV_IRQHandler
                0x0000000008005f74                DMA1_Channel6_IRQHandler
                0x0000000008005f74                TIM3_IRQHandler
                0x0000000008005f74                RCC_IRQHandler
                0x0000000008005f74                TIM1_TRG_COM_IRQHandler
                0x0000000008005f74                DMA1_Channel1_IRQHandler
                0x0000000008005f74                Default_Handler
                0x0000000008005f74                EXTI15_10_IRQHandler
                0x0000000008005f74                EXTI9_5_IRQHandler
                0x0000000008005f74                SPI2_IRQHandler
                0x0000000008005f74                DMA1_Channel5_IRQHandler
                0x0000000008005f74                EXTI4_IRQHandler
                0x0000000008005f74                USB_LP_CAN1_RX0_IRQHandler
                0x0000000008005f74                USB_HP_CAN1_TX_IRQHandler
                0x0000000008005f74                DMA1_Channel3_IRQHandler
                0x0000000008005f74                TIM1_UP_IRQHandler
                0x0000000008005f74                WWDG_IRQHandler
                0x0000000008005f74                TIM1_BRK_IRQHandler
                0x0000000008005f74                EXTI1_IRQHandler
                0x0000000008005f74                USART2_IRQHandler
                0x0000000008005f74                I2C2_ER_IRQHandler
                0x0000000008005f74                DMA1_Channel2_IRQHandler
                0x0000000008005f74                CAN1_SCE_IRQHandler
                0x0000000008005f74                FLASH_IRQHandler
                0x0000000008005f74                USART1_IRQHandler
                0x0000000008005f74                I2C1_ER_IRQHandler
                0x0000000008005f74                USBWakeUp_IRQHandler
 *fill*         0x0000000008005f76        0x2 
 .text.HAL_Init
                0x0000000008005f78       0x2c Drivers/STM32F1xx_HAL_Driver/Src/stm32f1xx_hal.o
                0x0000000008005f78                HAL_Init
 .text.HAL_InitTick
                0x0000000008005fa4       0x60 Drivers/STM32F1xx_HAL_Driver/Src/stm32f1xx_hal.o
                0x0000000008005fa4                HAL_InitTick
 .text.HAL_IncTick
                0x0000000008006004       0x24 Drivers/STM32F1xx_HAL_Driver/Src/stm32f1xx_hal.o
                0x0000000008006004                HAL_IncTick
 .text.HAL_GetTick
                0x0000000008006028       0x14 Drivers/STM32F1xx_HAL_Driver/Src/stm32f1xx_hal.o
                0x0000000008006028                HAL_GetTick
 .text.HAL_Delay
                0x000000000800603c       0x44 Drivers/STM32F1xx_HAL_Driver/Src/stm32f1xx_hal.o
                0x000000000800603c                HAL_Delay
 .text.HAL_ADC_Init
                0x0000000008006080      0x1b0 Drivers/STM32F1xx_HAL_Driver/Src/stm32f1xx_hal_adc.o
                0x0000000008006080                HAL_ADC_Init
 .text.HAL_ADC_Start
                0x0000000008006230      0x15c Drivers/STM32F1xx_HAL_Driver/Src/stm32f1xx_hal_adc.o
                0x0000000008006230                HAL_ADC_Start
 .text.HAL_ADC_PollForConversion
                0x000000000800638c      0x1f4 Drivers/STM32F1xx_HAL_Driver/Src/stm32f1xx_hal_adc.o
                0x000000000800638c                HAL_ADC_PollForConversion
 .text.HAL_ADC_GetValue
                0x0000000008006580       0x18 Drivers/STM32F1xx_HAL_Driver/Src/stm32f1xx_hal_adc.o
                0x0000000008006580                HAL_ADC_GetValue
 .text.HAL_ADC_ConfigChannel
                0x0000000008006598      0x1f0 Drivers/STM32F1xx_HAL_Driver/Src/stm32f1xx_hal_adc.o
                0x0000000008006598                HAL_ADC_ConfigChannel
 .text.ADC_Enable
                0x0000000008006788       0xa4 Drivers/STM32F1xx_HAL_Driver/Src/stm32f1xx_hal_adc.o
                0x0000000008006788                ADC_Enable
 .text.ADC_ConversionStop_Disable
                0x000000000800682c       0x74 Drivers/STM32F1xx_HAL_Driver/Src/stm32f1xx_hal_adc.o
                0x000000000800682c                ADC_ConversionStop_Disable
 .text.HAL_ADCEx_Calibration_Start
                0x00000000080068a0      0x138 Drivers/STM32F1xx_HAL_Driver/Src/stm32f1xx_hal_adc_ex.o
                0x00000000080068a0                HAL_ADCEx_Calibration_Start
 .text.__NVIC_SetPriorityGrouping
                0x00000000080069d8       0x48 Drivers/STM32F1xx_HAL_Driver/Src/stm32f1xx_hal_cortex.o
 .text.__NVIC_GetPriorityGrouping
                0x0000000008006a20       0x1c Drivers/STM32F1xx_HAL_Driver/Src/stm32f1xx_hal_cortex.o
 .text.__NVIC_EnableIRQ
                0x0000000008006a3c       0x38 Drivers/STM32F1xx_HAL_Driver/Src/stm32f1xx_hal_cortex.o
 .text.__NVIC_SetPriority
                0x0000000008006a74       0x54 Drivers/STM32F1xx_HAL_Driver/Src/stm32f1xx_hal_cortex.o
 .text.NVIC_EncodePriority
                0x0000000008006ac8       0x64 Drivers/STM32F1xx_HAL_Driver/Src/stm32f1xx_hal_cortex.o
 .text.SysTick_Config
                0x0000000008006b2c       0x44 Drivers/STM32F1xx_HAL_Driver/Src/stm32f1xx_hal_cortex.o
 .text.HAL_NVIC_SetPriorityGrouping
                0x0000000008006b70       0x16 Drivers/STM32F1xx_HAL_Driver/Src/stm32f1xx_hal_cortex.o
                0x0000000008006b70                HAL_NVIC_SetPriorityGrouping
 .text.HAL_NVIC_SetPriority
                0x0000000008006b86       0x38 Drivers/STM32F1xx_HAL_Driver/Src/stm32f1xx_hal_cortex.o
                0x0000000008006b86                HAL_NVIC_SetPriority
 .text.HAL_NVIC_EnableIRQ
                0x0000000008006bbe       0x1c Drivers/STM32F1xx_HAL_Driver/Src/stm32f1xx_hal_cortex.o
                0x0000000008006bbe                HAL_NVIC_EnableIRQ
 .text.HAL_SYSTICK_Config
                0x0000000008006bda       0x18 Drivers/STM32F1xx_HAL_Driver/Src/stm32f1xx_hal_cortex.o
                0x0000000008006bda                HAL_SYSTICK_Config
 *fill*         0x0000000008006bf2        0x2 
 .text.HAL_FLASH_Program
                0x0000000008006bf4       0xe0 Drivers/STM32F1xx_HAL_Driver/Src/stm32f1xx_hal_flash.o
                0x0000000008006bf4                HAL_FLASH_Program
 .text.HAL_FLASH_Unlock
                0x0000000008006cd4       0x4c Drivers/STM32F1xx_HAL_Driver/Src/stm32f1xx_hal_flash.o
                0x0000000008006cd4                HAL_FLASH_Unlock
 .text.HAL_FLASH_Lock
                0x0000000008006d20       0x20 Drivers/STM32F1xx_HAL_Driver/Src/stm32f1xx_hal_flash.o
                0x0000000008006d20                HAL_FLASH_Lock
 .text.FLASH_Program_HalfWord
                0x0000000008006d40       0x38 Drivers/STM32F1xx_HAL_Driver/Src/stm32f1xx_hal_flash.o
 .text.FLASH_WaitForLastOperation
                0x0000000008006d78       0x8c Drivers/STM32F1xx_HAL_Driver/Src/stm32f1xx_hal_flash.o
                0x0000000008006d78                FLASH_WaitForLastOperation
 .text.FLASH_SetErrorCode
                0x0000000008006e04       0xa0 Drivers/STM32F1xx_HAL_Driver/Src/stm32f1xx_hal_flash.o
 .text.HAL_FLASHEx_Erase
                0x0000000008006ea4       0xd8 Drivers/STM32F1xx_HAL_Driver/Src/stm32f1xx_hal_flash_ex.o
                0x0000000008006ea4                HAL_FLASHEx_Erase
 .text.FLASH_MassErase
                0x0000000008006f7c       0x38 Drivers/STM32F1xx_HAL_Driver/Src/stm32f1xx_hal_flash_ex.o
 .text.FLASH_PageErase
                0x0000000008006fb4       0x40 Drivers/STM32F1xx_HAL_Driver/Src/stm32f1xx_hal_flash_ex.o
                0x0000000008006fb4                FLASH_PageErase
 .text.HAL_GPIO_Init
                0x0000000008006ff4      0x2b4 Drivers/STM32F1xx_HAL_Driver/Src/stm32f1xx_hal_gpio.o
                0x0000000008006ff4                HAL_GPIO_Init
 .text.HAL_GPIO_WritePin
                0x00000000080072a8       0x30 Drivers/STM32F1xx_HAL_Driver/Src/stm32f1xx_hal_gpio.o
                0x00000000080072a8                HAL_GPIO_WritePin
 .text.HAL_GPIO_TogglePin
                0x00000000080072d8       0x30 Drivers/STM32F1xx_HAL_Driver/Src/stm32f1xx_hal_gpio.o
                0x00000000080072d8                HAL_GPIO_TogglePin
 .text.HAL_GPIO_EXTI_IRQHandler
                0x0000000008007308       0x30 Drivers/STM32F1xx_HAL_Driver/Src/stm32f1xx_hal_gpio.o
                0x0000000008007308                HAL_GPIO_EXTI_IRQHandler
 .text.HAL_GPIO_EXTI_Callback
                0x0000000008007338       0x14 Drivers/STM32F1xx_HAL_Driver/Src/stm32f1xx_hal_gpio.o
                0x0000000008007338                HAL_GPIO_EXTI_Callback
 .text.HAL_I2C_Init
                0x000000000800734c      0x250 Drivers/STM32F1xx_HAL_Driver/Src/stm32f1xx_hal_i2c.o
                0x000000000800734c                HAL_I2C_Init
 .text.HAL_I2C_Mem_Write
                0x000000000800759c      0x1f4 Drivers/STM32F1xx_HAL_Driver/Src/stm32f1xx_hal_i2c.o
                0x000000000800759c                HAL_I2C_Mem_Write
 .text.HAL_I2C_Mem_Read
                0x0000000008007790      0x46c Drivers/STM32F1xx_HAL_Driver/Src/stm32f1xx_hal_i2c.o
                0x0000000008007790                HAL_I2C_Mem_Read
 .text.I2C_RequestMemoryWrite
                0x0000000008007bfc      0x114 Drivers/STM32F1xx_HAL_Driver/Src/stm32f1xx_hal_i2c.o
 .text.I2C_RequestMemoryRead
                0x0000000008007d10      0x1a0 Drivers/STM32F1xx_HAL_Driver/Src/stm32f1xx_hal_i2c.o
 .text.I2C_WaitOnFlagUntilTimeout
                0x0000000008007eb0       0xae Drivers/STM32F1xx_HAL_Driver/Src/stm32f1xx_hal_i2c.o
 .text.I2C_WaitOnMasterAddressFlagUntilTimeout
                0x0000000008007f5e       0xfe Drivers/STM32F1xx_HAL_Driver/Src/stm32f1xx_hal_i2c.o
 .text.I2C_WaitOnTXEFlagUntilTimeout
                0x000000000800805c       0x82 Drivers/STM32F1xx_HAL_Driver/Src/stm32f1xx_hal_i2c.o
 .text.I2C_WaitOnBTFFlagUntilTimeout
                0x00000000080080de       0x82 Drivers/STM32F1xx_HAL_Driver/Src/stm32f1xx_hal_i2c.o
 .text.I2C_WaitOnRXNEFlagUntilTimeout
                0x0000000008008160       0xac Drivers/STM32F1xx_HAL_Driver/Src/stm32f1xx_hal_i2c.o
 .text.I2C_IsAcknowledgeFailed
                0x000000000800820c       0x5c Drivers/STM32F1xx_HAL_Driver/Src/stm32f1xx_hal_i2c.o
 .text.HAL_RCC_OscConfig
                0x0000000008008268      0x500 Drivers/STM32F1xx_HAL_Driver/Src/stm32f1xx_hal_rcc.o
                0x0000000008008268                HAL_RCC_OscConfig
 .text.HAL_RCC_ClockConfig
                0x0000000008008768      0x1d4 Drivers/STM32F1xx_HAL_Driver/Src/stm32f1xx_hal_rcc.o
                0x0000000008008768                HAL_RCC_ClockConfig
 .text.HAL_RCC_GetSysClockFreq
                0x000000000800893c       0xc4 Drivers/STM32F1xx_HAL_Driver/Src/stm32f1xx_hal_rcc.o
                0x000000000800893c                HAL_RCC_GetSysClockFreq
 .text.HAL_RCC_GetHCLKFreq
                0x0000000008008a00       0x14 Drivers/STM32F1xx_HAL_Driver/Src/stm32f1xx_hal_rcc.o
                0x0000000008008a00                HAL_RCC_GetHCLKFreq
 .text.HAL_RCC_GetPCLK1Freq
                0x0000000008008a14       0x28 Drivers/STM32F1xx_HAL_Driver/Src/stm32f1xx_hal_rcc.o
                0x0000000008008a14                HAL_RCC_GetPCLK1Freq
 .text.HAL_RCC_GetPCLK2Freq
                0x0000000008008a3c       0x28 Drivers/STM32F1xx_HAL_Driver/Src/stm32f1xx_hal_rcc.o
                0x0000000008008a3c                HAL_RCC_GetPCLK2Freq
 .text.RCC_Delay
                0x0000000008008a64       0x3c Drivers/STM32F1xx_HAL_Driver/Src/stm32f1xx_hal_rcc.o
 .text.HAL_RCCEx_PeriphCLKConfig
                0x0000000008008aa0      0x16c Drivers/STM32F1xx_HAL_Driver/Src/stm32f1xx_hal_rcc_ex.o
                0x0000000008008aa0                HAL_RCCEx_PeriphCLKConfig
 .text.HAL_RCCEx_GetPeriphCLKFreq
                0x0000000008008c0c      0x178 Drivers/STM32F1xx_HAL_Driver/Src/stm32f1xx_hal_rcc_ex.o
                0x0000000008008c0c                HAL_RCCEx_GetPeriphCLKFreq
 .text.HAL_SPI_Init
                0x0000000008008d84       0xc2 Drivers/STM32F1xx_HAL_Driver/Src/stm32f1xx_hal_spi.o
                0x0000000008008d84                HAL_SPI_Init
 .text.HAL_TIM_Base_Init
                0x0000000008008e46       0x56 Drivers/STM32F1xx_HAL_Driver/Src/stm32f1xx_hal_tim.o
                0x0000000008008e46                HAL_TIM_Base_Init
 .text.HAL_TIM_Base_Start_IT
                0x0000000008008e9c       0x46 Drivers/STM32F1xx_HAL_Driver/Src/stm32f1xx_hal_tim.o
                0x0000000008008e9c                HAL_TIM_Base_Start_IT
 .text.HAL_TIM_PWM_Init
                0x0000000008008ee2       0x56 Drivers/STM32F1xx_HAL_Driver/Src/stm32f1xx_hal_tim.o
                0x0000000008008ee2                HAL_TIM_PWM_Init
 .text.HAL_TIM_PWM_MspInit
                0x0000000008008f38       0x12 Drivers/STM32F1xx_HAL_Driver/Src/stm32f1xx_hal_tim.o
                0x0000000008008f38                HAL_TIM_PWM_MspInit
 *fill*         0x0000000008008f4a        0x2 
 .text.HAL_TIM_PWM_Start
                0x0000000008008f4c       0x64 Drivers/STM32F1xx_HAL_Driver/Src/stm32f1xx_hal_tim.o
                0x0000000008008f4c                HAL_TIM_PWM_Start
 .text.HAL_TIM_IRQHandler
                0x0000000008008fb0      0x210 Drivers/STM32F1xx_HAL_Driver/Src/stm32f1xx_hal_tim.o
                0x0000000008008fb0                HAL_TIM_IRQHandler
 .text.HAL_TIM_PWM_ConfigChannel
                0x00000000080091c0      0x18c Drivers/STM32F1xx_HAL_Driver/Src/stm32f1xx_hal_tim.o
                0x00000000080091c0                HAL_TIM_PWM_ConfigChannel
 .text.HAL_TIM_ConfigClockSource
                0x000000000800934c      0x16e Drivers/STM32F1xx_HAL_Driver/Src/stm32f1xx_hal_tim.o
                0x000000000800934c                HAL_TIM_ConfigClockSource
 .text.HAL_TIM_PeriodElapsedCallback
                0x00000000080094ba       0x12 Drivers/STM32F1xx_HAL_Driver/Src/stm32f1xx_hal_tim.o
                0x00000000080094ba                HAL_TIM_PeriodElapsedCallback
 .text.HAL_TIM_OC_DelayElapsedCallback
                0x00000000080094cc       0x12 Drivers/STM32F1xx_HAL_Driver/Src/stm32f1xx_hal_tim.o
                0x00000000080094cc                HAL_TIM_OC_DelayElapsedCallback
 .text.HAL_TIM_IC_CaptureCallback
                0x00000000080094de       0x12 Drivers/STM32F1xx_HAL_Driver/Src/stm32f1xx_hal_tim.o
                0x00000000080094de                HAL_TIM_IC_CaptureCallback
 .text.HAL_TIM_PWM_PulseFinishedCallback
                0x00000000080094f0       0x12 Drivers/STM32F1xx_HAL_Driver/Src/stm32f1xx_hal_tim.o
                0x00000000080094f0                HAL_TIM_PWM_PulseFinishedCallback
 .text.HAL_TIM_TriggerCallback
                0x0000000008009502       0x12 Drivers/STM32F1xx_HAL_Driver/Src/stm32f1xx_hal_tim.o
                0x0000000008009502                HAL_TIM_TriggerCallback
 .text.TIM_Base_SetConfig
                0x0000000008009514       0xc4 Drivers/STM32F1xx_HAL_Driver/Src/stm32f1xx_hal_tim.o
                0x0000000008009514                TIM_Base_SetConfig
 .text.TIM_OC1_SetConfig
                0x00000000080095d8       0xcc Drivers/STM32F1xx_HAL_Driver/Src/stm32f1xx_hal_tim.o
 .text.TIM_OC2_SetConfig
                0x00000000080096a4       0xd4 Drivers/STM32F1xx_HAL_Driver/Src/stm32f1xx_hal_tim.o
                0x00000000080096a4                TIM_OC2_SetConfig
 .text.TIM_OC3_SetConfig
                0x0000000008009778       0xd4 Drivers/STM32F1xx_HAL_Driver/Src/stm32f1xx_hal_tim.o
 .text.TIM_OC4_SetConfig
                0x000000000800984c       0x9c Drivers/STM32F1xx_HAL_Driver/Src/stm32f1xx_hal_tim.o
 .text.TIM_TI1_ConfigInputStage
                0x00000000080098e8       0x5c Drivers/STM32F1xx_HAL_Driver/Src/stm32f1xx_hal_tim.o
 .text.TIM_TI2_ConfigInputStage
                0x0000000008009944       0x5e Drivers/STM32F1xx_HAL_Driver/Src/stm32f1xx_hal_tim.o
 .text.TIM_ITRx_SetConfig
                0x00000000080099a2       0x34 Drivers/STM32F1xx_HAL_Driver/Src/stm32f1xx_hal_tim.o
 .text.TIM_ETR_SetConfig
                0x00000000080099d6       0x3e Drivers/STM32F1xx_HAL_Driver/Src/stm32f1xx_hal_tim.o
                0x00000000080099d6                TIM_ETR_SetConfig
 .text.TIM_CCxChannelCmd
                0x0000000008009a14       0x48 Drivers/STM32F1xx_HAL_Driver/Src/stm32f1xx_hal_tim.o
                0x0000000008009a14                TIM_CCxChannelCmd
 .text.HAL_TIMEx_MasterConfigSynchronization
                0x0000000008009a5c       0x88 Drivers/STM32F1xx_HAL_Driver/Src/stm32f1xx_hal_tim_ex.o
                0x0000000008009a5c                HAL_TIMEx_MasterConfigSynchronization
 .text.HAL_TIMEx_ConfigBreakDeadTime
                0x0000000008009ae4       0xa2 Drivers/STM32F1xx_HAL_Driver/Src/stm32f1xx_hal_tim_ex.o
                0x0000000008009ae4                HAL_TIMEx_ConfigBreakDeadTime
 .text.HAL_TIMEx_CommutCallback
                0x0000000008009b86       0x12 Drivers/STM32F1xx_HAL_Driver/Src/stm32f1xx_hal_tim_ex.o
                0x0000000008009b86                HAL_TIMEx_CommutCallback
 .text.HAL_TIMEx_BreakCallback
                0x0000000008009b98       0x12 Drivers/STM32F1xx_HAL_Driver/Src/stm32f1xx_hal_tim_ex.o
                0x0000000008009b98                HAL_TIMEx_BreakCallback
 .text.HAL_UART_Init
                0x0000000008009baa       0x9a Drivers/STM32F1xx_HAL_Driver/Src/stm32f1xx_hal_uart.o
                0x0000000008009baa                HAL_UART_Init
 .text.UART_SetConfig
                0x0000000008009c44      0x1b4 Drivers/STM32F1xx_HAL_Driver/Src/stm32f1xx_hal_uart.o
 .text.__errno  0x0000000008009df8        0xc /opt/stm32cubeide/plugins/com.st.stm32cube.ide.mcu.externaltools.gnu-tools-for-stm32.7-2018-q2-update.linux64_1.0.0.201904181610/tools/bin/../lib/gcc/arm-none-eabi/7.3.1/../../../../arm-none-eabi/lib/thumb/v7-m/libc_nano.a(lib_a-errno.o)
                0x0000000008009df8                __errno
 .text.__libc_init_array
                0x0000000008009e04       0x48 /opt/stm32cubeide/plugins/com.st.stm32cube.ide.mcu.externaltools.gnu-tools-for-stm32.7-2018-q2-update.linux64_1.0.0.201904181610/tools/bin/../lib/gcc/arm-none-eabi/7.3.1/../../../../arm-none-eabi/lib/thumb/v7-m/libc_nano.a(lib_a-init.o)
                0x0000000008009e04                __libc_init_array
 .text.malloc   0x0000000008009e4c       0x10 /opt/stm32cubeide/plugins/com.st.stm32cube.ide.mcu.externaltools.gnu-tools-for-stm32.7-2018-q2-update.linux64_1.0.0.201904181610/tools/bin/../lib/gcc/arm-none-eabi/7.3.1/../../../../arm-none-eabi/lib/thumb/v7-m/libc_nano.a(lib_a-malloc.o)
                0x0000000008009e4c                malloc
 .text.free     0x0000000008009e5c       0x10 /opt/stm32cubeide/plugins/com.st.stm32cube.ide.mcu.externaltools.gnu-tools-for-stm32.7-2018-q2-update.linux64_1.0.0.201904181610/tools/bin/../lib/gcc/arm-none-eabi/7.3.1/../../../../arm-none-eabi/lib/thumb/v7-m/libc_nano.a(lib_a-malloc.o)
                0x0000000008009e5c                free
 .text.memcmp   0x0000000008009e6c       0x1e /opt/stm32cubeide/plugins/com.st.stm32cube.ide.mcu.externaltools.gnu-tools-for-stm32.7-2018-q2-update.linux64_1.0.0.201904181610/tools/bin/../lib/gcc/arm-none-eabi/7.3.1/../../../../arm-none-eabi/lib/thumb/v7-m/libc_nano.a(lib_a-memcmp.o)
                0x0000000008009e6c                memcmp
 .text.memcpy   0x0000000008009e8a       0x16 /opt/stm32cubeide/plugins/com.st.stm32cube.ide.mcu.externaltools.gnu-tools-for-stm32.7-2018-q2-update.linux64_1.0.0.201904181610/tools/bin/../lib/gcc/arm-none-eabi/7.3.1/../../../../arm-none-eabi/lib/thumb/v7-m/libc_nano.a(lib_a-memcpy-stub.o)
                0x0000000008009e8a                memcpy
 .text.memset   0x0000000008009ea0       0x10 /opt/stm32cubeide/plugins/com.st.stm32cube.ide.mcu.externaltools.gnu-tools-for-stm32.7-2018-q2-update.linux64_1.0.0.201904181610/tools/bin/../lib/gcc/arm-none-eabi/7.3.1/../../../../arm-none-eabi/lib/thumb/v7-m/libc_nano.a(lib_a-memset.o)
                0x0000000008009ea0                memset
 .text._free_r  0x0000000008009eb0       0x98 /opt/stm32cubeide/plugins/com.st.stm32cube.ide.mcu.externaltools.gnu-tools-for-stm32.7-2018-q2-update.linux64_1.0.0.201904181610/tools/bin/../lib/gcc/arm-none-eabi/7.3.1/../../../../arm-none-eabi/lib/thumb/v7-m/libc_nano.a(lib_a-nano-freer.o)
                0x0000000008009eb0                _free_r
 .text._malloc_r
                0x0000000008009f48       0xb4 /opt/stm32cubeide/plugins/com.st.stm32cube.ide.mcu.externaltools.gnu-tools-for-stm32.7-2018-q2-update.linux64_1.0.0.201904181610/tools/bin/../lib/gcc/arm-none-eabi/7.3.1/../../../../arm-none-eabi/lib/thumb/v7-m/libc_nano.a(lib_a-nano-mallocr.o)
                0x0000000008009f48                _malloc_r
 .text.__cvt    0x0000000008009ffc       0xb8 /opt/stm32cubeide/plugins/com.st.stm32cube.ide.mcu.externaltools.gnu-tools-for-stm32.7-2018-q2-update.linux64_1.0.0.201904181610/tools/bin/../lib/gcc/arm-none-eabi/7.3.1/../../../../arm-none-eabi/lib/thumb/v7-m/libc_nano.a(lib_a-nano-vfprintf_float.o)
                0x0000000008009ffc                __cvt
 .text.__exponent
                0x000000000800a0b4       0x6a /opt/stm32cubeide/plugins/com.st.stm32cube.ide.mcu.externaltools.gnu-tools-for-stm32.7-2018-q2-update.linux64_1.0.0.201904181610/tools/bin/../lib/gcc/arm-none-eabi/7.3.1/../../../../arm-none-eabi/lib/thumb/v7-m/libc_nano.a(lib_a-nano-vfprintf_float.o)
                0x000000000800a0b4                __exponent
 *fill*         0x000000000800a11e        0x2 
 .text._printf_float
                0x000000000800a120      0x46c /opt/stm32cubeide/plugins/com.st.stm32cube.ide.mcu.externaltools.gnu-tools-for-stm32.7-2018-q2-update.linux64_1.0.0.201904181610/tools/bin/../lib/gcc/arm-none-eabi/7.3.1/../../../../arm-none-eabi/lib/thumb/v7-m/libc_nano.a(lib_a-nano-vfprintf_float.o)
                0x000000000800a120                _printf_float
 .text._printf_common
                0x000000000800a58c       0xec /opt/stm32cubeide/plugins/com.st.stm32cube.ide.mcu.externaltools.gnu-tools-for-stm32.7-2018-q2-update.linux64_1.0.0.201904181610/tools/bin/../lib/gcc/arm-none-eabi/7.3.1/../../../../arm-none-eabi/lib/thumb/v7-m/libc_nano.a(lib_a-nano-vfprintf_i.o)
                0x000000000800a58c                _printf_common
 .text._printf_i
                0x000000000800a678      0x224 /opt/stm32cubeide/plugins/com.st.stm32cube.ide.mcu.externaltools.gnu-tools-for-stm32.7-2018-q2-update.linux64_1.0.0.201904181610/tools/bin/../lib/gcc/arm-none-eabi/7.3.1/../../../../arm-none-eabi/lib/thumb/v7-m/libc_nano.a(lib_a-nano-vfprintf_i.o)
                0x000000000800a678                _printf_i
 .text._sbrk_r  0x000000000800a89c       0x20 /opt/stm32cubeide/plugins/com.st.stm32cube.ide.mcu.externaltools.gnu-tools-for-stm32.7-2018-q2-update.linux64_1.0.0.201904181610/tools/bin/../lib/gcc/arm-none-eabi/7.3.1/../../../../arm-none-eabi/lib/thumb/v7-m/libc_nano.a(lib_a-sbrkr.o)
                0x000000000800a89c                _sbrk_r
 .text.sprintf  0x000000000800a8bc       0x40 /opt/stm32cubeide/plugins/com.st.stm32cube.ide.mcu.externaltools.gnu-tools-for-stm32.7-2018-q2-update.linux64_1.0.0.201904181610/tools/bin/../lib/gcc/arm-none-eabi/7.3.1/../../../../arm-none-eabi/lib/thumb/v7-m/libc_nano.a(lib_a-sprintf.o)
                0x000000000800a8bc                sprintf
                0x000000000800a8bc                siprintf
 .text.quorem   0x000000000800a8fc      0x11c /opt/stm32cubeide/plugins/com.st.stm32cube.ide.mcu.externaltools.gnu-tools-for-stm32.7-2018-q2-update.linux64_1.0.0.201904181610/tools/bin/../lib/gcc/arm-none-eabi/7.3.1/../../../../arm-none-eabi/lib/thumb/v7-m/libc_nano.a(lib_a-dtoa.o)
 .text._dtoa_r  0x000000000800aa18      0xb68 /opt/stm32cubeide/plugins/com.st.stm32cube.ide.mcu.externaltools.gnu-tools-for-stm32.7-2018-q2-update.linux64_1.0.0.201904181610/tools/bin/../lib/gcc/arm-none-eabi/7.3.1/../../../../arm-none-eabi/lib/thumb/v7-m/libc_nano.a(lib_a-dtoa.o)
                0x000000000800aa18                _dtoa_r
 .text._localeconv_r
                0x000000000800b580       0x1c /opt/stm32cubeide/plugins/com.st.stm32cube.ide.mcu.externaltools.gnu-tools-for-stm32.7-2018-q2-update.linux64_1.0.0.201904181610/tools/bin/../lib/gcc/arm-none-eabi/7.3.1/../../../../arm-none-eabi/lib/thumb/v7-m/libc_nano.a(lib_a-localeconv.o)
                0x000000000800b580                _localeconv_r
 .text.memchr   0x000000000800b59c       0x1c /opt/stm32cubeide/plugins/com.st.stm32cube.ide.mcu.externaltools.gnu-tools-for-stm32.7-2018-q2-update.linux64_1.0.0.201904181610/tools/bin/../lib/gcc/arm-none-eabi/7.3.1/../../../../arm-none-eabi/lib/thumb/v7-m/libc_nano.a(lib_a-memchr-stub.o)
                0x000000000800b59c                memchr
 .text.__malloc_lock
                0x000000000800b5b8        0x2 /opt/stm32cubeide/plugins/com.st.stm32cube.ide.mcu.externaltools.gnu-tools-for-stm32.7-2018-q2-update.linux64_1.0.0.201904181610/tools/bin/../lib/gcc/arm-none-eabi/7.3.1/../../../../arm-none-eabi/lib/thumb/v7-m/libc_nano.a(lib_a-mlock.o)
                0x000000000800b5b8                __malloc_lock
 .text.__malloc_unlock
                0x000000000800b5ba        0x2 /opt/stm32cubeide/plugins/com.st.stm32cube.ide.mcu.externaltools.gnu-tools-for-stm32.7-2018-q2-update.linux64_1.0.0.201904181610/tools/bin/../lib/gcc/arm-none-eabi/7.3.1/../../../../arm-none-eabi/lib/thumb/v7-m/libc_nano.a(lib_a-mlock.o)
                0x000000000800b5ba                __malloc_unlock
 .text._Balloc  0x000000000800b5bc       0x68 /opt/stm32cubeide/plugins/com.st.stm32cube.ide.mcu.externaltools.gnu-tools-for-stm32.7-2018-q2-update.linux64_1.0.0.201904181610/tools/bin/../lib/gcc/arm-none-eabi/7.3.1/../../../../arm-none-eabi/lib/thumb/v7-m/libc_nano.a(lib_a-mprec.o)
                0x000000000800b5bc                _Balloc
 .text._Bfree   0x000000000800b624       0x2e /opt/stm32cubeide/plugins/com.st.stm32cube.ide.mcu.externaltools.gnu-tools-for-stm32.7-2018-q2-update.linux64_1.0.0.201904181610/tools/bin/../lib/gcc/arm-none-eabi/7.3.1/../../../../arm-none-eabi/lib/thumb/v7-m/libc_nano.a(lib_a-mprec.o)
                0x000000000800b624                _Bfree
 .text.__multadd
                0x000000000800b652       0x76 /opt/stm32cubeide/plugins/com.st.stm32cube.ide.mcu.externaltools.gnu-tools-for-stm32.7-2018-q2-update.linux64_1.0.0.201904181610/tools/bin/../lib/gcc/arm-none-eabi/7.3.1/../../../../arm-none-eabi/lib/thumb/v7-m/libc_nano.a(lib_a-mprec.o)
                0x000000000800b652                __multadd
 .text.__hi0bits
                0x000000000800b6c8       0x3e /opt/stm32cubeide/plugins/com.st.stm32cube.ide.mcu.externaltools.gnu-tools-for-stm32.7-2018-q2-update.linux64_1.0.0.201904181610/tools/bin/../lib/gcc/arm-none-eabi/7.3.1/../../../../arm-none-eabi/lib/thumb/v7-m/libc_nano.a(lib_a-mprec.o)
                0x000000000800b6c8                __hi0bits
 .text.__lo0bits
                0x000000000800b706       0x5e /opt/stm32cubeide/plugins/com.st.stm32cube.ide.mcu.externaltools.gnu-tools-for-stm32.7-2018-q2-update.linux64_1.0.0.201904181610/tools/bin/../lib/gcc/arm-none-eabi/7.3.1/../../../../arm-none-eabi/lib/thumb/v7-m/libc_nano.a(lib_a-mprec.o)
                0x000000000800b706                __lo0bits
 .text.__i2b    0x000000000800b764       0x12 /opt/stm32cubeide/plugins/com.st.stm32cube.ide.mcu.externaltools.gnu-tools-for-stm32.7-2018-q2-update.linux64_1.0.0.201904181610/tools/bin/../lib/gcc/arm-none-eabi/7.3.1/../../../../arm-none-eabi/lib/thumb/v7-m/libc_nano.a(lib_a-mprec.o)
                0x000000000800b764                __i2b
 .text.__multiply
                0x000000000800b776      0x12a /opt/stm32cubeide/plugins/com.st.stm32cube.ide.mcu.externaltools.gnu-tools-for-stm32.7-2018-q2-update.linux64_1.0.0.201904181610/tools/bin/../lib/gcc/arm-none-eabi/7.3.1/../../../../arm-none-eabi/lib/thumb/v7-m/libc_nano.a(lib_a-mprec.o)
                0x000000000800b776                __multiply
 .text.__pow5mult
                0x000000000800b8a0       0x9c /opt/stm32cubeide/plugins/com.st.stm32cube.ide.mcu.externaltools.gnu-tools-for-stm32.7-2018-q2-update.linux64_1.0.0.201904181610/tools/bin/../lib/gcc/arm-none-eabi/7.3.1/../../../../arm-none-eabi/lib/thumb/v7-m/libc_nano.a(lib_a-mprec.o)
                0x000000000800b8a0                __pow5mult
 .text.__lshift
                0x000000000800b93c       0xa8 /opt/stm32cubeide/plugins/com.st.stm32cube.ide.mcu.externaltools.gnu-tools-for-stm32.7-2018-q2-update.linux64_1.0.0.201904181610/tools/bin/../lib/gcc/arm-none-eabi/7.3.1/../../../../arm-none-eabi/lib/thumb/v7-m/libc_nano.a(lib_a-mprec.o)
                0x000000000800b93c                __lshift
 .text.__mcmp   0x000000000800b9e4       0x34 /opt/stm32cubeide/plugins/com.st.stm32cube.ide.mcu.externaltools.gnu-tools-for-stm32.7-2018-q2-update.linux64_1.0.0.201904181610/tools/bin/../lib/gcc/arm-none-eabi/7.3.1/../../../../arm-none-eabi/lib/thumb/v7-m/libc_nano.a(lib_a-mprec.o)
                0x000000000800b9e4                __mcmp
 .text.__mdiff  0x000000000800ba18       0xbc /opt/stm32cubeide/plugins/com.st.stm32cube.ide.mcu.externaltools.gnu-tools-for-stm32.7-2018-q2-update.linux64_1.0.0.201904181610/tools/bin/../lib/gcc/arm-none-eabi/7.3.1/../../../../arm-none-eabi/lib/thumb/v7-m/libc_nano.a(lib_a-mprec.o)
                0x000000000800ba18                __mdiff
 .text.__d2b    0x000000000800bad4       0x9e /opt/stm32cubeide/plugins/com.st.stm32cube.ide.mcu.externaltools.gnu-tools-for-stm32.7-2018-q2-update.linux64_1.0.0.201904181610/tools/bin/../lib/gcc/arm-none-eabi/7.3.1/../../../../arm-none-eabi/lib/thumb/v7-m/libc_nano.a(lib_a-mprec.o)
                0x000000000800bad4                __d2b
 .text._calloc_r
                0x000000000800bb72       0x1c /opt/stm32cubeide/plugins/com.st.stm32cube.ide.mcu.externaltools.gnu-tools-for-stm32.7-2018-q2-update.linux64_1.0.0.201904181610/tools/bin/../lib/gcc/arm-none-eabi/7.3.1/../../../../arm-none-eabi/lib/thumb/v7-m/libc_nano.a(lib_a-nano-callocr.o)
                0x000000000800bb72                _calloc_r
 .text.__ssputs_r
                0x000000000800bb8e       0xb4 /opt/stm32cubeide/plugins/com.st.stm32cube.ide.mcu.externaltools.gnu-tools-for-stm32.7-2018-q2-update.linux64_1.0.0.201904181610/tools/bin/../lib/gcc/arm-none-eabi/7.3.1/../../../../arm-none-eabi/lib/thumb/v7-m/libc_nano.a(lib_a-nano-svfprintf.o)
                0x000000000800bb8e                __ssputs_r
 *fill*         0x000000000800bc42        0x2 
 .text._svfprintf_r
                0x000000000800bc44      0x1f0 /opt/stm32cubeide/plugins/com.st.stm32cube.ide.mcu.externaltools.gnu-tools-for-stm32.7-2018-q2-update.linux64_1.0.0.201904181610/tools/bin/../lib/gcc/arm-none-eabi/7.3.1/../../../../arm-none-eabi/lib/thumb/v7-m/libc_nano.a(lib_a-nano-svfprintf.o)
                0x000000000800bc44                _svfprintf_r
                0x000000000800bc44                _svfiprintf_r
 .text.__ascii_mbtowc
                0x000000000800be34       0x24 /opt/stm32cubeide/plugins/com.st.stm32cube.ide.mcu.externaltools.gnu-tools-for-stm32.7-2018-q2-update.linux64_1.0.0.201904181610/tools/bin/../lib/gcc/arm-none-eabi/7.3.1/../../../../arm-none-eabi/lib/thumb/v7-m/libc_nano.a(lib_a-mbtowc_r.o)
                0x000000000800be34                __ascii_mbtowc
 .text.memmove  0x000000000800be58       0x32 /opt/stm32cubeide/plugins/com.st.stm32cube.ide.mcu.externaltools.gnu-tools-for-stm32.7-2018-q2-update.linux64_1.0.0.201904181610/tools/bin/../lib/gcc/arm-none-eabi/7.3.1/../../../../arm-none-eabi/lib/thumb/v7-m/libc_nano.a(lib_a-memmove.o)
                0x000000000800be58                memmove
 .text._realloc_r
                0x000000000800be8a       0x4c /opt/stm32cubeide/plugins/com.st.stm32cube.ide.mcu.externaltools.gnu-tools-for-stm32.7-2018-q2-update.linux64_1.0.0.201904181610/tools/bin/../lib/gcc/arm-none-eabi/7.3.1/../../../../arm-none-eabi/lib/thumb/v7-m/libc_nano.a(lib_a-nano-reallocr.o)
                0x000000000800be8a                _realloc_r
 .text.__ascii_wctomb
                0x000000000800bed6       0x1a /opt/stm32cubeide/plugins/com.st.stm32cube.ide.mcu.externaltools.gnu-tools-for-stm32.7-2018-q2-update.linux64_1.0.0.201904181610/tools/bin/../lib/gcc/arm-none-eabi/7.3.1/../../../../arm-none-eabi/lib/thumb/v7-m/libc_nano.a(lib_a-wctomb_r.o)
                0x000000000800bed6                __ascii_wctomb
 .text._malloc_usable_size_r
                0x000000000800bef0       0x10 /opt/stm32cubeide/plugins/com.st.stm32cube.ide.mcu.externaltools.gnu-tools-for-stm32.7-2018-q2-update.linux64_1.0.0.201904181610/tools/bin/../lib/gcc/arm-none-eabi/7.3.1/../../../../arm-none-eabi/lib/thumb/v7-m/libc_nano.a(lib_a-nano-msizer.o)
                0x000000000800bef0                _malloc_usable_size_r
 .text.sin      0x000000000800bf00       0x74 /opt/stm32cubeide/plugins/com.st.stm32cube.ide.mcu.externaltools.gnu-tools-for-stm32.7-2018-q2-update.linux64_1.0.0.201904181610/tools/bin/../lib/gcc/arm-none-eabi/7.3.1/../../../../arm-none-eabi/lib/thumb/v7-m/libm.a(lib_a-s_sin.o)
                0x000000000800bf00                sin
 .text.asin     0x000000000800bf74       0xa8 /opt/stm32cubeide/plugins/com.st.stm32cube.ide.mcu.externaltools.gnu-tools-for-stm32.7-2018-q2-update.linux64_1.0.0.201904181610/tools/bin/../lib/gcc/arm-none-eabi/7.3.1/../../../../arm-none-eabi/lib/thumb/v7-m/libm.a(lib_a-w_asin.o)
                0x000000000800bf74                asin
 .text.atan2    0x000000000800c01c        0x4 /opt/stm32cubeide/plugins/com.st.stm32cube.ide.mcu.externaltools.gnu-tools-for-stm32.7-2018-q2-update.linux64_1.0.0.201904181610/tools/bin/../lib/gcc/arm-none-eabi/7.3.1/../../../../arm-none-eabi/lib/thumb/v7-m/libm.a(lib_a-w_atan2.o)
                0x000000000800c01c                atan2
 .text.sqrt     0x000000000800c020       0xa8 /opt/stm32cubeide/plugins/com.st.stm32cube.ide.mcu.externaltools.gnu-tools-for-stm32.7-2018-q2-update.linux64_1.0.0.201904181610/tools/bin/../lib/gcc/arm-none-eabi/7.3.1/../../../../arm-none-eabi/lib/thumb/v7-m/libm.a(lib_a-w_sqrt.o)
                0x000000000800c020                sqrt
 .text.__ieee754_asin
                0x000000000800c0c8      0x3f8 /opt/stm32cubeide/plugins/com.st.stm32cube.ide.mcu.externaltools.gnu-tools-for-stm32.7-2018-q2-update.linux64_1.0.0.201904181610/tools/bin/../lib/gcc/arm-none-eabi/7.3.1/../../../../arm-none-eabi/lib/thumb/v7-m/libm.a(lib_a-e_asin.o)
                0x000000000800c0c8                __ieee754_asin
 .text.__ieee754_atan2
                0x000000000800c4c0      0x1bc /opt/stm32cubeide/plugins/com.st.stm32cube.ide.mcu.externaltools.gnu-tools-for-stm32.7-2018-q2-update.linux64_1.0.0.201904181610/tools/bin/../lib/gcc/arm-none-eabi/7.3.1/../../../../arm-none-eabi/lib/thumb/v7-m/libm.a(lib_a-e_atan2.o)
                0x000000000800c4c0                __ieee754_atan2
 *fill*         0x000000000800c67c        0x4 
 .text.__ieee754_rem_pio2
                0x000000000800c680      0x3e0 /opt/stm32cubeide/plugins/com.st.stm32cube.ide.mcu.externaltools.gnu-tools-for-stm32.7-2018-q2-update.linux64_1.0.0.201904181610/tools/bin/../lib/gcc/arm-none-eabi/7.3.1/../../../../arm-none-eabi/lib/thumb/v7-m/libm.a(lib_a-e_rem_pio2.o)
                0x000000000800c680                __ieee754_rem_pio2
 .text.__ieee754_sqrt
                0x000000000800ca60      0x158 /opt/stm32cubeide/plugins/com.st.stm32cube.ide.mcu.externaltools.gnu-tools-for-stm32.7-2018-q2-update.linux64_1.0.0.201904181610/tools/bin/../lib/gcc/arm-none-eabi/7.3.1/../../../../arm-none-eabi/lib/thumb/v7-m/libm.a(lib_a-e_sqrt.o)
                0x000000000800ca60                __ieee754_sqrt
 .text.__kernel_cos
                0x000000000800cbb8      0x17c /opt/stm32cubeide/plugins/com.st.stm32cube.ide.mcu.externaltools.gnu-tools-for-stm32.7-2018-q2-update.linux64_1.0.0.201904181610/tools/bin/../lib/gcc/arm-none-eabi/7.3.1/../../../../arm-none-eabi/lib/thumb/v7-m/libm.a(lib_a-k_cos.o)
                0x000000000800cbb8                __kernel_cos
 .text.__kernel_rem_pio2
                0x000000000800cd34      0x694 /opt/stm32cubeide/plugins/com.st.stm32cube.ide.mcu.externaltools.gnu-tools-for-stm32.7-2018-q2-update.linux64_1.0.0.201904181610/tools/bin/../lib/gcc/arm-none-eabi/7.3.1/../../../../arm-none-eabi/lib/thumb/v7-m/libm.a(lib_a-k_rem_pio2.o)
                0x000000000800cd34                __kernel_rem_pio2
 .text.__kernel_sin
                0x000000000800d3c8      0x16c /opt/stm32cubeide/plugins/com.st.stm32cube.ide.mcu.externaltools.gnu-tools-for-stm32.7-2018-q2-update.linux64_1.0.0.201904181610/tools/bin/../lib/gcc/arm-none-eabi/7.3.1/../../../../arm-none-eabi/lib/thumb/v7-m/libm.a(lib_a-k_sin.o)
                0x000000000800d3c8                __kernel_sin
 *fill*         0x000000000800d534        0x4 
 .text.atan     0x000000000800d538      0x314 /opt/stm32cubeide/plugins/com.st.stm32cube.ide.mcu.externaltools.gnu-tools-for-stm32.7-2018-q2-update.linux64_1.0.0.201904181610/tools/bin/../lib/gcc/arm-none-eabi/7.3.1/../../../../arm-none-eabi/lib/thumb/v7-m/libm.a(lib_a-s_atan.o)
                0x000000000800d538                atan
 .text.fabs     0x000000000800d84c        0x8 /opt/stm32cubeide/plugins/com.st.stm32cube.ide.mcu.externaltools.gnu-tools-for-stm32.7-2018-q2-update.linux64_1.0.0.201904181610/tools/bin/../lib/gcc/arm-none-eabi/7.3.1/../../../../arm-none-eabi/lib/thumb/v7-m/libm.a(lib_a-s_fabs.o)
                0x000000000800d84c                fabs
 *fill*         0x000000000800d854        0x4 
 .text.floor    0x000000000800d858      0x108 /opt/stm32cubeide/plugins/com.st.stm32cube.ide.mcu.externaltools.gnu-tools-for-stm32.7-2018-q2-update.linux64_1.0.0.201904181610/tools/bin/../lib/gcc/arm-none-eabi/7.3.1/../../../../arm-none-eabi/lib/thumb/v7-m/libm.a(lib_a-s_floor.o)
                0x000000000800d858                floor
 .text.matherr  0x000000000800d960        0x4 /opt/stm32cubeide/plugins/com.st.stm32cube.ide.mcu.externaltools.gnu-tools-for-stm32.7-2018-q2-update.linux64_1.0.0.201904181610/tools/bin/../lib/gcc/arm-none-eabi/7.3.1/../../../../arm-none-eabi/lib/thumb/v7-m/libm.a(lib_a-s_matherr.o)
                0x000000000800d960                matherr
 .text.nan      0x000000000800d964        0xc /opt/stm32cubeide/plugins/com.st.stm32cube.ide.mcu.externaltools.gnu-tools-for-stm32.7-2018-q2-update.linux64_1.0.0.201904181610/tools/bin/../lib/gcc/arm-none-eabi/7.3.1/../../../../arm-none-eabi/lib/thumb/v7-m/libm.a(lib_a-s_nan.o)
                0x000000000800d964                nan
 .text.scalbn   0x000000000800d970       0xdc /opt/stm32cubeide/plugins/com.st.stm32cube.ide.mcu.externaltools.gnu-tools-for-stm32.7-2018-q2-update.linux64_1.0.0.201904181610/tools/bin/../lib/gcc/arm-none-eabi/7.3.1/../../../../arm-none-eabi/lib/thumb/v7-m/libm.a(lib_a-s_scalbn.o)
                0x000000000800d970                scalbn
 .text.copysign
                0x000000000800da4c       0x12 /opt/stm32cubeide/plugins/com.st.stm32cube.ide.mcu.externaltools.gnu-tools-for-stm32.7-2018-q2-update.linux64_1.0.0.201904181610/tools/bin/../lib/gcc/arm-none-eabi/7.3.1/../../../../arm-none-eabi/lib/thumb/v7-m/libm.a(lib_a-s_copysign.o)
                0x000000000800da4c                copysign
 *(.glue_7)
 .glue_7        0x000000000800da5e        0x0 linker stubs
 *(.glue_7t)
 .glue_7t       0x000000000800da5e        0x0 linker stubs
 *(.eh_frame)
 *fill*         0x000000000800da5e        0x2 
 .eh_frame      0x000000000800da60        0x0 /opt/stm32cubeide/plugins/com.st.stm32cube.ide.mcu.externaltools.gnu-tools-for-stm32.7-2018-q2-update.linux64_1.0.0.201904181610/tools/bin/../lib/gcc/arm-none-eabi/7.3.1/thumb/v7-m/crtbegin.o
 *(.init)
 .init          0x000000000800da60        0x4 /opt/stm32cubeide/plugins/com.st.stm32cube.ide.mcu.externaltools.gnu-tools-for-stm32.7-2018-q2-update.linux64_1.0.0.201904181610/tools/bin/../lib/gcc/arm-none-eabi/7.3.1/thumb/v7-m/crti.o
                0x000000000800da60                _init
 .init          0x000000000800da64        0x8 /opt/stm32cubeide/plugins/com.st.stm32cube.ide.mcu.externaltools.gnu-tools-for-stm32.7-2018-q2-update.linux64_1.0.0.201904181610/tools/bin/../lib/gcc/arm-none-eabi/7.3.1/thumb/v7-m/crtn.o
 *(.fini)
 .fini          0x000000000800da6c        0x4 /opt/stm32cubeide/plugins/com.st.stm32cube.ide.mcu.externaltools.gnu-tools-for-stm32.7-2018-q2-update.linux64_1.0.0.201904181610/tools/bin/../lib/gcc/arm-none-eabi/7.3.1/thumb/v7-m/crti.o
                0x000000000800da6c                _fini
 .fini          0x000000000800da70        0x8 /opt/stm32cubeide/plugins/com.st.stm32cube.ide.mcu.externaltools.gnu-tools-for-stm32.7-2018-q2-update.linux64_1.0.0.201904181610/tools/bin/../lib/gcc/arm-none-eabi/7.3.1/thumb/v7-m/crtn.o
                0x000000000800da78                . = ALIGN (0x4)
                0x000000000800da78                _etext = .

.vfp11_veneer   0x000000000800da78        0x0
 .vfp11_veneer  0x000000000800da78        0x0 linker stubs

.v4_bx          0x000000000800da78        0x0
 .v4_bx         0x000000000800da78        0x0 linker stubs

.iplt           0x000000000800da78        0x0
 .iplt          0x000000000800da78        0x0 /opt/stm32cubeide/plugins/com.st.stm32cube.ide.mcu.externaltools.gnu-tools-for-stm32.7-2018-q2-update.linux64_1.0.0.201904181610/tools/bin/../lib/gcc/arm-none-eabi/7.3.1/thumb/v7-m/crtbegin.o

.rodata         0x000000000800da78      0xf88
                0x000000000800da78                . = ALIGN (0x4)
 *(.rodata)
 .rodata        0x000000000800da78      0x315 Core/Src/main.o
 *fill*         0x000000000800dd8d        0x3 
 .rodata        0x000000000800dd90        0x6 Core/Src/nrf24.o
 *fill*         0x000000000800dd96        0x2 
 .rodata        0x000000000800dd98       0x12 Drivers/STM32F1xx_HAL_Driver/Src/stm32f1xx_hal_rcc.o
 *fill*         0x000000000800ddaa        0x2 
 .rodata        0x000000000800ddac       0x12 Drivers/STM32F1xx_HAL_Driver/Src/stm32f1xx_hal_rcc_ex.o
 *(.rodata*)
 *fill*         0x000000000800ddbe        0x2 
 .rodata.dmpMemory
                0x000000000800ddc0      0x789 Core/Src/MPU6050.o
                0x000000000800ddc0                dmpMemory
 *fill*         0x000000000800e549        0x3 
 .rodata.nRF24_ADDR
                0x000000000800e54c        0x3 Core/Src/main.o
                0x000000000800e54c                nRF24_ADDR
 *fill*         0x000000000800e54f        0x1 
 .rodata.nRF24_RX_PW_PIPE
                0x000000000800e550        0x6 Core/Src/nrf24.o
 *fill*         0x000000000800e556        0x2 
 .rodata.nRF24_ADDR_REGS
                0x000000000800e558        0x7 Core/Src/nrf24.o
 *fill*         0x000000000800e55f        0x1 
 .rodata.AHBPrescTable
                0x000000000800e560       0x10 Core/Src/system_stm32f1xx.o
                0x000000000800e560                AHBPrescTable
 .rodata.APBPrescTable
                0x000000000800e570        0x8 Core/Src/system_stm32f1xx.o
                0x000000000800e570                APBPrescTable
 .rodata._printf_float.str1.1
                0x000000000800e578       0x12 /opt/stm32cubeide/plugins/com.st.stm32cube.ide.mcu.externaltools.gnu-tools-for-stm32.7-2018-q2-update.linux64_1.0.0.201904181610/tools/bin/../lib/gcc/arm-none-eabi/7.3.1/../../../../arm-none-eabi/lib/thumb/v7-m/libc_nano.a(lib_a-nano-vfprintf_float.o)
 .rodata._printf_i.str1.1
                0x000000000800e58a       0x22 /opt/stm32cubeide/plugins/com.st.stm32cube.ide.mcu.externaltools.gnu-tools-for-stm32.7-2018-q2-update.linux64_1.0.0.201904181610/tools/bin/../lib/gcc/arm-none-eabi/7.3.1/../../../../arm-none-eabi/lib/thumb/v7-m/libc_nano.a(lib_a-nano-vfprintf_i.o)
 .rodata._dtoa_r.str1.1
                0x000000000800e5ac        0xd /opt/stm32cubeide/plugins/com.st.stm32cube.ide.mcu.externaltools.gnu-tools-for-stm32.7-2018-q2-update.linux64_1.0.0.201904181610/tools/bin/../lib/gcc/arm-none-eabi/7.3.1/../../../../arm-none-eabi/lib/thumb/v7-m/libc_nano.a(lib_a-dtoa.o)
                                          0xf (size before relaxing)
 *fill*         0x000000000800e5b9        0x7 
 .rodata.__mprec_bigtens
                0x000000000800e5c0       0x28 /opt/stm32cubeide/plugins/com.st.stm32cube.ide.mcu.externaltools.gnu-tools-for-stm32.7-2018-q2-update.linux64_1.0.0.201904181610/tools/bin/../lib/gcc/arm-none-eabi/7.3.1/../../../../arm-none-eabi/lib/thumb/v7-m/libc_nano.a(lib_a-mprec.o)
                0x000000000800e5c0                __mprec_bigtens
 .rodata.__mprec_tens
                0x000000000800e5e8       0xc8 /opt/stm32cubeide/plugins/com.st.stm32cube.ide.mcu.externaltools.gnu-tools-for-stm32.7-2018-q2-update.linux64_1.0.0.201904181610/tools/bin/../lib/gcc/arm-none-eabi/7.3.1/../../../../arm-none-eabi/lib/thumb/v7-m/libc_nano.a(lib_a-mprec.o)
                0x000000000800e5e8                __mprec_tens
 .rodata.p05.6084
                0x000000000800e6b0        0xc /opt/stm32cubeide/plugins/com.st.stm32cube.ide.mcu.externaltools.gnu-tools-for-stm32.7-2018-q2-update.linux64_1.0.0.201904181610/tools/bin/../lib/gcc/arm-none-eabi/7.3.1/../../../../arm-none-eabi/lib/thumb/v7-m/libc_nano.a(lib_a-mprec.o)
 .rodata._svfprintf_r.str1.1
                0x000000000800e6bc       0x11 /opt/stm32cubeide/plugins/com.st.stm32cube.ide.mcu.externaltools.gnu-tools-for-stm32.7-2018-q2-update.linux64_1.0.0.201904181610/tools/bin/../lib/gcc/arm-none-eabi/7.3.1/../../../../arm-none-eabi/lib/thumb/v7-m/libc_nano.a(lib_a-nano-svfprintf.o)
 .rodata._setlocale_r.str1.1
                0x000000000800e6cd        0x8 /opt/stm32cubeide/plugins/com.st.stm32cube.ide.mcu.externaltools.gnu-tools-for-stm32.7-2018-q2-update.linux64_1.0.0.201904181610/tools/bin/../lib/gcc/arm-none-eabi/7.3.1/../../../../arm-none-eabi/lib/thumb/v7-m/libc_nano.a(lib_a-locale.o)
                                          0x9 (size before relaxing)
 .rodata.str1.1
                0x000000000800e6d5        0x2 /opt/stm32cubeide/plugins/com.st.stm32cube.ide.mcu.externaltools.gnu-tools-for-stm32.7-2018-q2-update.linux64_1.0.0.201904181610/tools/bin/../lib/gcc/arm-none-eabi/7.3.1/../../../../arm-none-eabi/lib/thumb/v7-m/libc_nano.a(lib_a-locale.o)
 .rodata._ctype_
                0x000000000800e6d7      0x101 /opt/stm32cubeide/plugins/com.st.stm32cube.ide.mcu.externaltools.gnu-tools-for-stm32.7-2018-q2-update.linux64_1.0.0.201904181610/tools/bin/../lib/gcc/arm-none-eabi/7.3.1/../../../../arm-none-eabi/lib/thumb/v7-m/libc_nano.a(lib_a-ctype_.o)
                0x000000000800e6d7                _ctype_
 .rodata.asin.str1.1
                0x000000000800e7d8        0x5 /opt/stm32cubeide/plugins/com.st.stm32cube.ide.mcu.externaltools.gnu-tools-for-stm32.7-2018-q2-update.linux64_1.0.0.201904181610/tools/bin/../lib/gcc/arm-none-eabi/7.3.1/../../../../arm-none-eabi/lib/thumb/v7-m/libm.a(lib_a-w_asin.o)
                                          0x6 (size before relaxing)
 .rodata.sqrt.str1.1
                0x000000000800e7dd        0x5 /opt/stm32cubeide/plugins/com.st.stm32cube.ide.mcu.externaltools.gnu-tools-for-stm32.7-2018-q2-update.linux64_1.0.0.201904181610/tools/bin/../lib/gcc/arm-none-eabi/7.3.1/../../../../arm-none-eabi/lib/thumb/v7-m/libm.a(lib_a-w_sqrt.o)
 *fill*         0x000000000800e7e2        0x2 
 .rodata.npio2_hw
                0x000000000800e7e4       0x80 /opt/stm32cubeide/plugins/com.st.stm32cube.ide.mcu.externaltools.gnu-tools-for-stm32.7-2018-q2-update.linux64_1.0.0.201904181610/tools/bin/../lib/gcc/arm-none-eabi/7.3.1/../../../../arm-none-eabi/lib/thumb/v7-m/libm.a(lib_a-e_rem_pio2.o)
 .rodata.two_over_pi
                0x000000000800e864      0x108 /opt/stm32cubeide/plugins/com.st.stm32cube.ide.mcu.externaltools.gnu-tools-for-stm32.7-2018-q2-update.linux64_1.0.0.201904181610/tools/bin/../lib/gcc/arm-none-eabi/7.3.1/../../../../arm-none-eabi/lib/thumb/v7-m/libm.a(lib_a-e_rem_pio2.o)
 *fill*         0x000000000800e96c        0x4 
 .rodata.PIo2   0x000000000800e970       0x40 /opt/stm32cubeide/plugins/com.st.stm32cube.ide.mcu.externaltools.gnu-tools-for-stm32.7-2018-q2-update.linux64_1.0.0.201904181610/tools/bin/../lib/gcc/arm-none-eabi/7.3.1/../../../../arm-none-eabi/lib/thumb/v7-m/libm.a(lib_a-k_rem_pio2.o)
 .rodata.init_jk
                0x000000000800e9b0       0x10 /opt/stm32cubeide/plugins/com.st.stm32cube.ide.mcu.externaltools.gnu-tools-for-stm32.7-2018-q2-update.linux64_1.0.0.201904181610/tools/bin/../lib/gcc/arm-none-eabi/7.3.1/../../../../arm-none-eabi/lib/thumb/v7-m/libm.a(lib_a-k_rem_pio2.o)
 .rodata.atanhi
                0x000000000800e9c0       0x20 /opt/stm32cubeide/plugins/com.st.stm32cube.ide.mcu.externaltools.gnu-tools-for-stm32.7-2018-q2-update.linux64_1.0.0.201904181610/tools/bin/../lib/gcc/arm-none-eabi/7.3.1/../../../../arm-none-eabi/lib/thumb/v7-m/libm.a(lib_a-s_atan.o)
 .rodata.atanlo
                0x000000000800e9e0       0x20 /opt/stm32cubeide/plugins/com.st.stm32cube.ide.mcu.externaltools.gnu-tools-for-stm32.7-2018-q2-update.linux64_1.0.0.201904181610/tools/bin/../lib/gcc/arm-none-eabi/7.3.1/../../../../arm-none-eabi/lib/thumb/v7-m/libm.a(lib_a-s_atan.o)
                0x000000000800ea00                . = ALIGN (0x4)

.rel.dyn        0x000000000800ea00        0x0
 .rel.iplt      0x000000000800ea00        0x0 /opt/stm32cubeide/plugins/com.st.stm32cube.ide.mcu.externaltools.gnu-tools-for-stm32.7-2018-q2-update.linux64_1.0.0.201904181610/tools/bin/../lib/gcc/arm-none-eabi/7.3.1/thumb/v7-m/crtbegin.o

.ARM.extab      0x000000000800ea00        0x0
                0x000000000800ea00                . = ALIGN (0x4)
 *(.ARM.extab* .gnu.linkonce.armextab.*)
                0x000000000800ea00                . = ALIGN (0x4)

.ARM            0x000000000800ea00        0x0
                0x000000000800ea00                . = ALIGN (0x4)
                0x000000000800ea00                __exidx_start = .
 *(.ARM.exidx*)
                0x000000000800ea00                __exidx_end = .
                0x000000000800ea00                . = ALIGN (0x4)

.preinit_array  0x000000000800ea00        0x0
                0x000000000800ea00                . = ALIGN (0x4)
                0x000000000800ea00                PROVIDE (__preinit_array_start = .)
 *(.preinit_array*)
                0x000000000800ea00                PROVIDE (__preinit_array_end = .)
                0x000000000800ea00                . = ALIGN (0x4)

.init_array     0x000000000800ea00        0x4
                0x000000000800ea00                . = ALIGN (0x4)
                0x000000000800ea00                PROVIDE (__init_array_start = .)
 *(SORT_BY_NAME(.init_array.*))
 *(.init_array*)
 .init_array    0x000000000800ea00        0x4 /opt/stm32cubeide/plugins/com.st.stm32cube.ide.mcu.externaltools.gnu-tools-for-stm32.7-2018-q2-update.linux64_1.0.0.201904181610/tools/bin/../lib/gcc/arm-none-eabi/7.3.1/thumb/v7-m/crtbegin.o
                0x000000000800ea04                PROVIDE (__init_array_end = .)
                0x000000000800ea04                . = ALIGN (0x4)

.fini_array     0x000000000800ea04        0x4
                0x000000000800ea04                . = ALIGN (0x4)
                [!provide]                        PROVIDE (__fini_array_start = .)
 *(SORT_BY_NAME(.fini_array.*))
 *(.fini_array*)
 .fini_array    0x000000000800ea04        0x4 /opt/stm32cubeide/plugins/com.st.stm32cube.ide.mcu.externaltools.gnu-tools-for-stm32.7-2018-q2-update.linux64_1.0.0.201904181610/tools/bin/../lib/gcc/arm-none-eabi/7.3.1/thumb/v7-m/crtbegin.o
                [!provide]                        PROVIDE (__fini_array_end = .)
                0x000000000800ea08                . = ALIGN (0x4)
                0x000000000800ea08                _sidata = LOADADDR (.data)

.data           0x0000000020000000      0x1e8 load address 0x000000000800ea08
                0x0000000020000000                . = ALIGN (0x4)
                0x0000000020000000                _sdata = .
 *(.data)
 *(.data*)
 .data.packetSize
                0x0000000020000000        0x2 Core/Src/main.o
                0x0000000020000000                packetSize
 *fill*         0x0000000020000002        0x2 
 .data.RXactiveFlag
                0x0000000020000004        0x4 Core/Src/stm32f1xx_it.o
                0x0000000020000004                RXactiveFlag
 .data.SystemCoreClock
                0x0000000020000008        0x4 Core/Src/system_stm32f1xx.o
                0x0000000020000008                SystemCoreClock
 .data.uwTickPrio
                0x000000002000000c        0x4 Drivers/STM32F1xx_HAL_Driver/Src/stm32f1xx_hal.o
                0x000000002000000c                uwTickPrio
 .data.uwTickFreq
                0x0000000020000010        0x1 Drivers/STM32F1xx_HAL_Driver/Src/stm32f1xx_hal.o
                0x0000000020000010                uwTickFreq
 *fill*         0x0000000020000011        0x3 
 .data._impure_ptr
                0x0000000020000014        0x4 /opt/stm32cubeide/plugins/com.st.stm32cube.ide.mcu.externaltools.gnu-tools-for-stm32.7-2018-q2-update.linux64_1.0.0.201904181610/tools/bin/../lib/gcc/arm-none-eabi/7.3.1/../../../../arm-none-eabi/lib/thumb/v7-m/libc_nano.a(lib_a-impure.o)
                0x0000000020000014                _impure_ptr
 .data.impure_data
                0x0000000020000018       0x60 /opt/stm32cubeide/plugins/com.st.stm32cube.ide.mcu.externaltools.gnu-tools-for-stm32.7-2018-q2-update.linux64_1.0.0.201904181610/tools/bin/../lib/gcc/arm-none-eabi/7.3.1/../../../../arm-none-eabi/lib/thumb/v7-m/libc_nano.a(lib_a-impure.o)
 .data.__global_locale
                0x0000000020000078      0x16c /opt/stm32cubeide/plugins/com.st.stm32cube.ide.mcu.externaltools.gnu-tools-for-stm32.7-2018-q2-update.linux64_1.0.0.201904181610/tools/bin/../lib/gcc/arm-none-eabi/7.3.1/../../../../arm-none-eabi/lib/thumb/v7-m/libc_nano.a(lib_a-locale.o)
                0x0000000020000078                __global_locale
 .data.__fdlib_version
                0x00000000200001e4        0x1 /opt/stm32cubeide/plugins/com.st.stm32cube.ide.mcu.externaltools.gnu-tools-for-stm32.7-2018-q2-update.linux64_1.0.0.201904181610/tools/bin/../lib/gcc/arm-none-eabi/7.3.1/../../../../arm-none-eabi/lib/thumb/v7-m/libm.a(lib_a-s_lib_ver.o)
                0x00000000200001e4                __fdlib_version
                0x00000000200001e8                . = ALIGN (0x4)
 *fill*         0x00000000200001e5        0x3 
                0x00000000200001e8                _edata = .

.igot.plt       0x00000000200001e8        0x0 load address 0x000000000800ebf0
 .igot.plt      0x00000000200001e8        0x0 /opt/stm32cubeide/plugins/com.st.stm32cube.ide.mcu.externaltools.gnu-tools-for-stm32.7-2018-q2-update.linux64_1.0.0.201904181610/tools/bin/../lib/gcc/arm-none-eabi/7.3.1/thumb/v7-m/crtbegin.o
                0x00000000200001e8                . = ALIGN (0x4)

.bss            0x00000000200001e8      0x7bc load address 0x000000000800ebf0
                0x00000000200001e8                _sbss = .
                0x00000000200001e8                __bss_start__ = _sbss
 *(.bss)
 .bss           0x00000000200001e8       0x1c /opt/stm32cubeide/plugins/com.st.stm32cube.ide.mcu.externaltools.gnu-tools-for-stm32.7-2018-q2-update.linux64_1.0.0.201904181610/tools/bin/../lib/gcc/arm-none-eabi/7.3.1/thumb/v7-m/crtbegin.o
 *(.bss*)
 .bss.RXstpaketov
                0x0000000020000204        0x1 Core/Src/main.o
                0x0000000020000204                RXstpaketov
 *fill*         0x0000000020000205        0x3 
 .bss.i         0x0000000020000208        0x4 Core/Src/main.o
                0x0000000020000208                i
 .bss.MotorStatus
                0x000000002000020c        0x4 Core/Src/main.o
                0x000000002000020c                MotorStatus
 .bss.GyroCalibStatus
                0x0000000020000210        0x4 Core/Src/main.o
                0x0000000020000210                GyroCalibStatus
 .bss.BattmVSUM
                0x0000000020000214        0x4 Core/Src/stm32f1xx_it.o
                0x0000000020000214                BattmVSUM
 .bss.BattmVAVG
                0x0000000020000218        0x4 Core/Src/stm32f1xx_it.o
                0x0000000020000218                BattmVAVG
 .bss.batthistindx
                0x000000002000021c        0x4 Core/Src/stm32f1xx_it.o
                0x000000002000021c                batthistindx
 .bss.SendBackFlag
                0x0000000020000220        0x4 Core/Src/stm32f1xx_it.o
                0x0000000020000220                SendBackFlag
 .bss.BackTimer
                0x0000000020000224        0x4 Core/Src/stm32f1xx_it.o
                0x0000000020000224                BackTimer
 .bss.Gyrocalibcount
                0x0000000020000228        0x4 Core/Src/stm32f1xx_it.o
                0x0000000020000228                Gyrocalibcount
 .bss.ThrottleINscaled
                0x000000002000022c        0x4 Core/Src/stm32f1xx_it.o
                0x000000002000022c                ThrottleINscaled
 .bss.PitchINscaled
                0x0000000020000230        0x4 Core/Src/stm32f1xx_it.o
                0x0000000020000230                PitchINscaled
 .bss.RollINscaled
                0x0000000020000234        0x4 Core/Src/stm32f1xx_it.o
                0x0000000020000234                RollINscaled
 .bss.YawINscaled
                0x0000000020000238        0x4 Core/Src/stm32f1xx_it.o
                0x0000000020000238                YawINscaled
 .bss.PitchGyroPIDin
                0x000000002000023c        0x4 Core/Src/stm32f1xx_it.o
                0x000000002000023c                PitchGyroPIDin
 .bss.RollGyroPIDin
                0x0000000020000240        0x4 Core/Src/stm32f1xx_it.o
                0x0000000020000240                RollGyroPIDin
 .bss.YawGyroPIDin
                0x0000000020000244        0x4 Core/Src/stm32f1xx_it.o
                0x0000000020000244                YawGyroPIDin
 .bss.pid_output_pitch
                0x0000000020000248        0x4 Core/Src/stm32f1xx_it.o
                0x0000000020000248                pid_output_pitch
 .bss.pid_output_roll
                0x000000002000024c        0x4 Core/Src/stm32f1xx_it.o
                0x000000002000024c                pid_output_roll
 .bss.pid_output_yaw
                0x0000000020000250        0x4 Core/Src/stm32f1xx_it.o
                0x0000000020000250                pid_output_yaw
 .bss.pitch_integral
                0x0000000020000254        0x4 Core/Src/stm32f1xx_it.o
                0x0000000020000254                pitch_integral
 .bss.pitch_diffErrHist
                0x0000000020000258        0x4 Core/Src/stm32f1xx_it.o
                0x0000000020000258                pitch_diffErrHist
 .bss.roll_integral
                0x000000002000025c        0x4 Core/Src/stm32f1xx_it.o
                0x000000002000025c                roll_integral
 .bss.roll_diffErrHist
                0x0000000020000260        0x4 Core/Src/stm32f1xx_it.o
                0x0000000020000260                roll_diffErrHist
 .bss.yaw_integral
                0x0000000020000264        0x4 Core/Src/stm32f1xx_it.o
                0x0000000020000264                yaw_integral
 .bss.yaw_diffErrHist
                0x0000000020000268        0x4 Core/Src/stm32f1xx_it.o
                0x0000000020000268                yaw_diffErrHist
 .bss.heap_end.5149
                0x000000002000026c        0x4 Core/Src/sysmem.o
 .bss.__malloc_free_list
                0x0000000020000270        0x4 /opt/stm32cubeide/plugins/com.st.stm32cube.ide.mcu.externaltools.gnu-tools-for-stm32.7-2018-q2-update.linux64_1.0.0.201904181610/tools/bin/../lib/gcc/arm-none-eabi/7.3.1/../../../../arm-none-eabi/lib/thumb/v7-m/libc_nano.a(lib_a-nano-mallocr.o)
                0x0000000020000270                __malloc_free_list
 .bss.__malloc_sbrk_start
                0x0000000020000274        0x4 /opt/stm32cubeide/plugins/com.st.stm32cube.ide.mcu.externaltools.gnu-tools-for-stm32.7-2018-q2-update.linux64_1.0.0.201904181610/tools/bin/../lib/gcc/arm-none-eabi/7.3.1/../../../../arm-none-eabi/lib/thumb/v7-m/libc_nano.a(lib_a-nano-mallocr.o)
                0x0000000020000274                __malloc_sbrk_start
 *(COMMON)
 COMMON         0x0000000020000278      0x434 Core/Src/main.o
                0x0000000020000278                Djoyleftright
                0x000000002000027c                GravityVectorMPU6050
                0x0000000020000288                GyroXcal
                0x000000002000028a                GyroZOff
                0x000000002000028c                hspi2
                0x00000000200002e4                togg3
                0x00000000200002e8                togg6
                0x00000000200002ec                hi2c2
                0x0000000020000340                nRF24_payloadRX
                0x0000000020000360                GyroXOff
                0x0000000020000364                watch3fl
                0x0000000020000368                fifoBuffer
                0x00000000200003a8                QuaternionMPU60500
                0x00000000200003b8                FlashDataDefault
                0x000000002000040c                watch2
                0x0000000020000410                watch4
                0x0000000020000414                wifiOK
                0x0000000020000418                GyroYcal
                0x000000002000041c                watch1
                0x0000000020000420                UartTXbuff0
                0x0000000020000484                togg5
                0x0000000020000488                GyroYOff
                0x000000002000048c                SUMGyroZ
                0x0000000020000490                nRF24_payloadTX
                0x00000000200004b0                hadc1
                0x00000000200004e0                Ljoyleftright
                0x00000000200004e4                watch6
                0x00000000200004e8                huart1
                0x0000000020000528                GyroZcal
                0x000000002000052c                watch4fl
                0x0000000020000530                MPU6050rezulatat
                0x0000000020000534                watch1fl
                0x0000000020000538                togg1
                0x000000002000053c                SUMGyroY
                0x0000000020000540                htim1
                0x0000000020000580                Ljoyupdown
                0x0000000020000584                AnglesMPU6050_DMP
                0x0000000020000590                watch3
                0x0000000020000594                togg4
                0x0000000020000598                FlashDataActive
                0x00000000200005ec                watch2fl
                0x00000000200005f0                potenc1
                0x00000000200005f4                htim2
                0x0000000020000634                mpu6050DataStr
                0x0000000020000640                FlashDataFlash
                0x0000000020000694                Djoyupdown
                0x0000000020000698                potenc2
                0x000000002000069c                MPUintActive
                0x00000000200006a0                togg2
                0x00000000200006a4                SUMGyroX
                0x00000000200006a8                watch5
 *fill*         0x00000000200006ac        0x4 
 COMMON         0x00000000200006b0      0x2cc Core/Src/stm32f1xx_it.o
                0x00000000200006b0                LoopCounter