main.c:135:5:main	64	static
main.c:444:6:SystemClock_Config	88	static
main.c:489:13:MX_ADC1_Init	24	static
main.c:534:13:MX_I2C2_Init	8	static
main.c:568:13:MX_SPI2_Init	8	static
main.c:606:13:MX_TIM1_Init	96	static
main.c:693:13:MX_TIM2_Init	32	static
main.c:738:13:MX_USART1_UART_Init	8	static
main.c:771:13:MX_GPIO_Init	40	static
main.c:834:6:WriteFlashData	48	static
main.c:875:6:EraseFlashData	40	static
main.c:896:10:CheckFlashData	16	static
main.c:902:6:ReadFlashData	16	static
main.c:927:6:WriteString	24	static
main.c:938:6:PrintCharUart	16	static
main.c:949:6:Error_Handler	4	static
