main.c:126:5:main	48	static
main.c:447:6:SystemClock_Config	88	static
main.c:492:13:MX_ADC1_Init	24	static
main.c:537:13:MX_I2C2_Init	8	static
main.c:571:13:MX_SPI2_Init	8	static
main.c:609:13:MX_TIM1_Init	96	static
main.c:696:13:MX_TIM2_Init	32	static
main.c:741:13:MX_USART1_UART_Init	8	static
main.c:774:13:MX_GPIO_Init	40	static
main.c:831:6:WriteFlashData	48	static
main.c:872:6:EraseFlashData	40	static
main.c:893:10:CheckFlashData	16	static
main.c:899:6:ReadFlashData	16	static
main.c:924:6:WriteString	24	static
main.c:935:6:PrintCharUart	16	static
main.c:946:6:Error_Handler	4	static
