nrf24.c:20:16:nRF24_TransmitPacket	24	static
nrf24.c:74:9:nRF24_LL_RW	16	static
nrf24.c:93:16:nRF24_ReadReg	24	static
nrf24.c:108:13:nRF24_WriteReg	16	static
nrf24.c:131:13:nRF24_ReadMBReg	24	static
nrf24.c:145:13:nRF24_WriteMBReg	16	static
nrf24.c:157:6:nRF24_Init	8	static
nrf24.c:191:9:nRF24_Check	24	static
nrf24.c:211:6:nRF24_SetPowerMode	24	static
nrf24.c:230:6:nRF24_SetOperationalMode	24	static
nrf24.c:245:6:nRF24_SetCRCScheme	24	static
nrf24.c:260:6:nRF24_SetRFChannel	16	static
nrf24.c:269:6:nRF24_SetAutoRetr	16	static
nrf24.c:278:6:nRF24_SetAddrWidth	16	static
nrf24.c:292:6:nRF24_SetAddr	24	static
nrf24.c:327:6:nRF24_SetTXPower	24	static
nrf24.c:340:6:nRF24_SetDataRate	24	static
nrf24.c:355:6:nRF24_SetRXPipe	24	static
nrf24.c:378:6:nRF24_ClosePipe	24	static
nrf24.c:390:6:nRF24_EnableAA	24	static
nrf24.c:402:6:nRF24_DisableAA	24	static
nrf24.c:418:9:nRF24_GetStatus	8	static
nrf24.c:424:9:nRF24_GetIRQFlags	8	static
nrf24.c:430:9:nRF24_GetStatus_RXFIFO	8	static
nrf24.c:437:9:nRF24_GetStatus_TXFIFO	8	static
nrf24.c:443:9:nRF24_GetRXSource	8	static
nrf24.c:451:9:nRF24_GetRetransmitCounters	8	static
nrf24.c:456:6:nRF24_ResetPLOS	16	static
nrf24.c:465:6:nRF24_FlushTX	8	static
nrf24.c:470:6:nRF24_FlushRX	8	static
nrf24.c:475:6:nRF24_ClearIRQFlags	16	static
nrf24.c:488:6:nRF24_WritePayload	16	static
nrf24.c:499:16:nRF24_ReadPayload	24	static
