nrf24.c:28:16:nRF24_TransmitPacket	24	static
nrf24.c:82:9:nRF24_LL_RW	16	static
nrf24.c:101:16:nRF24_ReadReg	24	static
nrf24.c:116:13:nRF24_WriteReg	16	static
nrf24.c:139:13:nRF24_ReadMBReg	24	static
nrf24.c:153:13:nRF24_WriteMBReg	16	static
nrf24.c:165:6:nRF24_Init	8	static
nrf24.c:199:9:nRF24_Check	24	static
nrf24.c:219:6:nRF24_SetPowerMode	24	static
nrf24.c:238:6:nRF24_SetOperationalMode	24	static
nrf24.c:253:6:nRF24_SetCRCScheme	24	static
nrf24.c:268:6:nRF24_SetRFChannel	16	static
nrf24.c:277:6:nRF24_SetAutoRetr	16	static
nrf24.c:286:6:nRF24_SetAddrWidth	16	static
nrf24.c:300:6:nRF24_SetAddr	24	static
nrf24.c:335:6:nRF24_SetTXPower	24	static
nrf24.c:348:6:nRF24_SetDataRate	24	static
nrf24.c:363:6:nRF24_SetRXPipe	24	static
nrf24.c:386:6:nRF24_ClosePipe	24	static
nrf24.c:398:6:nRF24_EnableAA	24	static
nrf24.c:410:6:nRF24_DisableAA	24	static
nrf24.c:426:9:nRF24_GetStatus	8	static
nrf24.c:432:9:nRF24_GetIRQFlags	8	static
nrf24.c:438:9:nRF24_GetStatus_RXFIFO	8	static
nrf24.c:445:9:nRF24_GetStatus_TXFIFO	8	static
nrf24.c:451:9:nRF24_GetRXSource	8	static
nrf24.c:459:9:nRF24_GetRetransmitCounters	8	static
nrf24.c:464:6:nRF24_ResetPLOS	16	static
nrf24.c:473:6:nRF24_FlushTX	8	static
nrf24.c:478:6:nRF24_FlushRX	8	static
nrf24.c:483:6:nRF24_ClearIRQFlags	16	static
nrf24.c:496:6:nRF24_WritePayload	16	static
nrf24.c:507:16:nRF24_ReadPayload	24	static
