stm32f1xx_it.c:146:6:NMI_Handler	4	static
stm32f1xx_it.c:159:6:HardFault_Handler	4	static
stm32f1xx_it.c:174:6:MemManage_Handler	4	static
stm32f1xx_it.c:189:6:BusFault_Handler	4	static
stm32f1xx_it.c:204:6:UsageFault_Handler	4	static
stm32f1xx_it.c:219:6:SVC_Handler	4	static
stm32f1xx_it.c:232:6:DebugMon_Handler	4	static
stm32f1xx_it.c:245:6:PendSV_Handler	4	static
stm32f1xx_it.c:258:6:SysTick_Handler	8	static
stm32f1xx_it.c:279:6:TIM2_IRQHandler	64	static
stm32f1xx_it.c:772:7:ScaleDataFl	40	static
stm32f1xx_it.c:785:7:pid	40	static
