stm32f1xx_it.c:150:6:NMI_Handler	4	static
stm32f1xx_it.c:163:6:HardFault_Handler	4	static
stm32f1xx_it.c:178:6:MemManage_Handler	4	static
stm32f1xx_it.c:193:6:BusFault_Handler	4	static
stm32f1xx_it.c:208:6:UsageFault_Handler	4	static
stm32f1xx_it.c:223:6:SVC_Handler	4	static
stm32f1xx_it.c:236:6:DebugMon_Handler	4	static
stm32f1xx_it.c:249:6:PendSV_Handler	4	static
stm32f1xx_it.c:262:6:SysTick_Handler	8	static
stm32f1xx_it.c:283:6:TIM2_IRQHandler	64	static
stm32f1xx_it.c:630:7:ScaleDataFl	40	static
stm32f1xx_it.c:643:7:pid	40	static
